Component: ARM Compiler 5.06 update 6 (build 750) Tool: armlink [4d35ed]

==============================================================================

Section Cross References

    startup_stm32f10x_md.o(STACK) refers (Special) to heapauxi.o(.text) for __use_two_region_memory
    startup_stm32f10x_md.o(HEAP) refers (Special) to heapauxi.o(.text) for __use_two_region_memory
    startup_stm32f10x_md.o(RESET) refers (Special) to heapauxi.o(.text) for __use_two_region_memory
    startup_stm32f10x_md.o(RESET) refers to startup_stm32f10x_md.o(STACK) for __initial_sp
    startup_stm32f10x_md.o(RESET) refers to startup_stm32f10x_md.o(.text) for Reset_Handler
    startup_stm32f10x_md.o(RESET) refers to stm32f10x_it.o(i.NMI_Handler) for NMI_Handler
    startup_stm32f10x_md.o(RESET) refers to stm32f10x_it.o(i.HardFault_Handler) for HardFault_Handler
    startup_stm32f10x_md.o(RESET) refers to stm32f10x_it.o(i.MemManage_Handler) for MemManage_Handler
    startup_stm32f10x_md.o(RESET) refers to stm32f10x_it.o(i.BusFault_Handler) for BusFault_Handler
    startup_stm32f10x_md.o(RESET) refers to stm32f10x_it.o(i.UsageFault_Handler) for UsageFault_Handler
    startup_stm32f10x_md.o(RESET) refers to stm32f10x_it.o(i.SVC_Handler) for SVC_Handler
    startup_stm32f10x_md.o(RESET) refers to stm32f10x_it.o(i.DebugMon_Handler) for DebugMon_Handler
    startup_stm32f10x_md.o(RESET) refers to stm32f10x_it.o(i.PendSV_Handler) for PendSV_Handler
    startup_stm32f10x_md.o(RESET) refers to stm32f10x_it.o(i.SysTick_Handler) for SysTick_Handler
    startup_stm32f10x_md.o(RESET) refers to aida64.o(i.USART1_IRQHandler) for USART1_IRQHandler
    startup_stm32f10x_md.o(.text) refers (Special) to heapauxi.o(.text) for __use_two_region_memory
    startup_stm32f10x_md.o(.text) refers to system_stm32f10x.o(i.SystemInit) for SystemInit
    startup_stm32f10x_md.o(.text) refers to __main.o(!!!main) for __main
    startup_stm32f10x_md.o(.text) refers to startup_stm32f10x_md.o(HEAP) for Heap_Mem
    startup_stm32f10x_md.o(.text) refers to startup_stm32f10x_md.o(STACK) for Stack_Mem
    system_stm32f10x.o(i.SetSysClock) refers to system_stm32f10x.o(i.SetSysClockTo72) for SetSysClockTo72
    system_stm32f10x.o(i.SystemCoreClockUpdate) refers to system_stm32f10x.o(.data) for SystemCoreClock
    system_stm32f10x.o(i.SystemInit) refers to system_stm32f10x.o(i.SetSysClock) for SetSysClock
    stm32f10x_adc.o(i.ADC_DeInit) refers to stm32f10x_rcc.o(i.RCC_APB2PeriphResetCmd) for RCC_APB2PeriphResetCmd
    stm32f10x_bkp.o(i.BKP_DeInit) refers to stm32f10x_rcc.o(i.RCC_BackupResetCmd) for RCC_BackupResetCmd
    stm32f10x_can.o(i.CAN_DeInit) refers to stm32f10x_rcc.o(i.RCC_APB1PeriphResetCmd) for RCC_APB1PeriphResetCmd
    stm32f10x_can.o(i.CAN_GetITStatus) refers to stm32f10x_can.o(i.CheckITStatus) for CheckITStatus
    stm32f10x_cec.o(i.CEC_DeInit) refers to stm32f10x_rcc.o(i.RCC_APB1PeriphResetCmd) for RCC_APB1PeriphResetCmd
    stm32f10x_dac.o(i.DAC_DeInit) refers to stm32f10x_rcc.o(i.RCC_APB1PeriphResetCmd) for RCC_APB1PeriphResetCmd
    stm32f10x_flash.o(i.FLASH_EnableWriteProtection) refers to stm32f10x_flash.o(i.FLASH_WaitForLastOperation) for FLASH_WaitForLastOperation
    stm32f10x_flash.o(i.FLASH_EraseAllBank1Pages) refers to stm32f10x_flash.o(i.FLASH_WaitForLastBank1Operation) for FLASH_WaitForLastBank1Operation
    stm32f10x_flash.o(i.FLASH_EraseAllPages) refers to stm32f10x_flash.o(i.FLASH_WaitForLastOperation) for FLASH_WaitForLastOperation
    stm32f10x_flash.o(i.FLASH_EraseOptionBytes) refers to stm32f10x_flash.o(i.FLASH_GetReadOutProtectionStatus) for FLASH_GetReadOutProtectionStatus
    stm32f10x_flash.o(i.FLASH_EraseOptionBytes) refers to stm32f10x_flash.o(i.FLASH_WaitForLastOperation) for FLASH_WaitForLastOperation
    stm32f10x_flash.o(i.FLASH_ErasePage) refers to stm32f10x_flash.o(i.FLASH_WaitForLastOperation) for FLASH_WaitForLastOperation
    stm32f10x_flash.o(i.FLASH_ProgramHalfWord) refers to stm32f10x_flash.o(i.FLASH_WaitForLastOperation) for FLASH_WaitForLastOperation
    stm32f10x_flash.o(i.FLASH_ProgramOptionByteData) refers to stm32f10x_flash.o(i.FLASH_WaitForLastOperation) for FLASH_WaitForLastOperation
    stm32f10x_flash.o(i.FLASH_ProgramWord) refers to stm32f10x_flash.o(i.FLASH_WaitForLastOperation) for FLASH_WaitForLastOperation
    stm32f10x_flash.o(i.FLASH_ReadOutProtection) refers to stm32f10x_flash.o(i.FLASH_WaitForLastOperation) for FLASH_WaitForLastOperation
    stm32f10x_flash.o(i.FLASH_UserOptionByteConfig) refers to stm32f10x_flash.o(i.FLASH_WaitForLastOperation) for FLASH_WaitForLastOperation
    stm32f10x_flash.o(i.FLASH_WaitForLastBank1Operation) refers to stm32f10x_flash.o(i.FLASH_GetBank1Status) for FLASH_GetBank1Status
    stm32f10x_flash.o(i.FLASH_WaitForLastOperation) refers to stm32f10x_flash.o(i.FLASH_GetBank1Status) for FLASH_GetBank1Status
    stm32f10x_gpio.o(i.GPIO_AFIODeInit) refers to stm32f10x_rcc.o(i.RCC_APB2PeriphResetCmd) for RCC_APB2PeriphResetCmd
[...]
    Removing stm32f10x_tim.o(i.TIM_DeInit), (488 bytes).
    Removing stm32f10x_tim.o(i.TIM_ETRClockMode1Config), (54 bytes).
    Removing stm32f10x_tim.o(i.TIM_ETRClockMode2Config), (32 bytes).
    Removing stm32f10x_tim.o(i.TIM_ETRConfig), (28 bytes).
    Removing stm32f10x_tim.o(i.TIM_EncoderInterfaceConfig), (66 bytes).
    Removing stm32f10x_tim.o(i.TIM_ForcedOC1Config), (18 bytes).
    Removing stm32f10x_tim.o(i.TIM_ForcedOC2Config), (26 bytes).
    Removing stm32f10x_tim.o(i.TIM_ForcedOC3Config), (18 bytes).
    Removing stm32f10x_tim.o(i.TIM_ForcedOC4Config), (26 bytes).
    Removing stm32f10x_tim.o(i.TIM_GenerateEvent), (4 bytes).
    Removing stm32f10x_tim.o(i.TIM_GetCapture1), (6 bytes).
    Removing stm32f10x_tim.o(i.TIM_GetCapture2), (6 bytes).
    Removing stm32f10x_tim.o(i.TIM_GetCapture3), (6 bytes).
    Removing stm32f10x_tim.o(i.TIM_GetCapture4), (8 bytes).
    Removing stm32f10x_tim.o(i.TIM_GetCounter), (6 bytes).
    Removing stm32f10x_tim.o(i.TIM_GetFlagStatus), (18 bytes).
    Removing stm32f10x_tim.o(i.TIM_GetITStatus), (34 bytes).
    Removing stm32f10x_tim.o(i.TIM_GetPrescaler), (6 bytes).
    Removing stm32f10x_tim.o(i.TIM_ICInit), (172 bytes).
    Removing stm32f10x_tim.o(i.TIM_ICStructInit), (18 bytes).
    Removing stm32f10x_tim.o(i.TIM_ITConfig), (18 bytes).
    Removing stm32f10x_tim.o(i.TIM_ITRxExternalClockConfig), (24 bytes).
    Removing stm32f10x_tim.o(i.TIM_InternalClockConfig), (12 bytes).
    Removing stm32f10x_tim.o(i.TIM_OC1FastConfig), (18 bytes).
    Removing stm32f10x_tim.o(i.TIM_OC1Init), (152 bytes).
    Removing stm32f10x_tim.o(i.TIM_OC1NPolarityConfig), (18 bytes).
    Removing stm32f10x_tim.o(i.TIM_OC1PolarityConfig), (18 bytes).
    Removing stm32f10x_tim.o(i.TIM_OC1PreloadConfig), (18 bytes).
    Removing stm32f10x_tim.o(i.TIM_OC2FastConfig), (26 bytes).
    Removing stm32f10x_tim.o(i.TIM_OC2Init), (164 bytes).
    Removing stm32f10x_tim.o(i.TIM_OC2NPolarityConfig), (26 bytes).
    Removing stm32f10x_tim.o(i.TIM_OC2PolarityConfig), (26 bytes).
    Removing stm32f10x_tim.o(i.TIM_OC2PreloadConfig), (26 bytes).
    Removing stm32f10x_tim.o(i.TIM_OC3FastConfig), (18 bytes).
    Removing stm32f10x_tim.o(i.TIM_OC3Init), (160 bytes).
    Removing stm32f10x_tim.o(i.TIM_OC3NPolarityConfig), (26 bytes).
    Removing stm32f10x_tim.o(i.TIM_OC3PolarityConfig), (26 bytes).
    Removing stm32f10x_tim.o(i.TIM_OC3PreloadConfig), (18 bytes).
    Removing stm32f10x_tim.o(i.TIM_OC4FastConfig), (26 bytes).
    Removing stm32f10x_tim.o(i.TIM_OC4Init), (124 bytes).
    Removing stm32f10x_tim.o(i.TIM_OC4PolarityConfig), (26 bytes).
    Removing stm32f10x_tim.o(i.TIM_OC4PreloadConfig), (26 bytes).
    Removing stm32f10x_tim.o(i.TIM_OCStructInit), (20 bytes).
    Removing stm32f10x_tim.o(i.TIM_PWMIConfig), (124 bytes).
    Removing stm32f10x_tim.o(i.TIM_PrescalerConfig), (6 bytes).
    Removing stm32f10x_tim.o(i.TIM_SelectCCDMA), (24 bytes).
    Removing stm32f10x_tim.o(i.TIM_SelectCOM), (24 bytes).
    Removing stm32f10x_tim.o(i.TIM_SelectHallSensor), (24 bytes).
    Removing stm32f10x_tim.o(i.TIM_SelectInputTrigger), (18 bytes).
    Removing stm32f10x_tim.o(i.TIM_SelectMasterSlaveMode), (18 bytes).
    Removing stm32f10x_tim.o(i.TIM_SelectOCxM), (82 bytes).
    Removing stm32f10x_tim.o(i.TIM_SelectOnePulseMode), (18 bytes).
    Removing stm32f10x_tim.o(i.TIM_SelectOutputTrigger), (18 bytes).
    Removing stm32f10x_tim.o(i.TIM_SelectSlaveMode), (18 bytes).
    Removing stm32f10x_tim.o(i.TIM_SetAutoreload), (4 bytes).
    Removing stm32f10x_tim.o(i.TIM_SetClockDivision), (18 bytes).
    Removing stm32f10x_tim.o(i.TIM_SetCompare1), (4 bytes).
    Removing stm32f10x_tim.o(i.TIM_SetCompare2), (4 bytes).
    Removing stm32f10x_tim.o(i.TIM_SetCompare3), (4 bytes).
    Removing stm32f10x_tim.o(i.TIM_SetCompare4), (6 bytes).
    Removing stm32f10x_tim.o(i.TIM_SetCounter), (4 bytes).
    Removing stm32f10x_tim.o(i.TIM_SetIC1Prescaler), (18 bytes).
    Removing stm32f10x_tim.o(i.TIM_SetIC2Prescaler), (26 bytes).
    Removing stm32f10x_tim.o(i.TIM_SetIC3Prescaler), (18 bytes).
    Removing stm32f10x_tim.o(i.TIM_SetIC4Prescaler), (26 bytes).
    Removing stm32f10x_tim.o(i.TIM_TIxExternalClockConfig), (62 bytes).
    Removing stm32f10x_tim.o(i.TIM_TimeBaseInit), (164 bytes).
    Removing stm32f10x_tim.o(i.TIM_TimeBaseStructInit), (18 bytes).
    Removing stm32f10x_tim.o(i.TIM_UpdateDisableConfig), (24 bytes).
    Removing stm32f10x_tim.o(i.TIM_UpdateRequestConfig), (24 bytes).
    Removing stm32f10x_usart.o(i.USART_ClearFlag), (18 bytes).
    Removing stm32f10x_usart.o(i.USART_ClockInit), (34 bytes).
    Removing stm32f10x_usart.o(i.USART_ClockStructInit), (12 bytes).
    Removing stm32f10x_usart.o(i.USART_DMACmd), (18 bytes).
    Removing stm32f10x_usart.o(i.USART_DeInit), (156 bytes).
    Removing stm32f10x_usart.o(i.USART_GetFlagStatus), (26 bytes).
    Removing stm32f10x_usart.o(i.USART_HalfDuplexCmd), (24 bytes).
    Removing stm32f10x_usart.o(i.USART_IrDACmd), (24 bytes).
    Removing stm32f10x_usart.o(i.USART_IrDAConfig), (18 bytes).
    Removing stm32f10x_usart.o(i.USART_LINBreakDetectLengthConfig), (18 bytes).
    Removing stm32f10x_usart.o(i.USART_LINCmd), (24 bytes).
    Removing stm32f10x_usart.o(i.USART_OneBitMethodCmd), (24 bytes).
    Removing stm32f10x_usart.o(i.USART_OverSampling8Cmd), (22 bytes).
    Removing stm32f10x_usart.o(i.USART_ReceiverWakeUpCmd), (24 bytes).
    Removing stm32f10x_usart.o(i.USART_SendBreak), (10 bytes).
    Removing stm32f10x_usart.o(i.USART_SendData), (8 bytes).
    Removing stm32f10x_usart.o(i.USART_SetAddress), (18 bytes).
    Removing stm32f10x_usart.o(i.USART_SetGuardTime), (16 bytes).
    Removing stm32f10x_usart.o(i.USART_SetPrescaler), (16 bytes).
    Removing stm32f10x_usart.o(i.USART_SmartCardCmd), (24 bytes).
    Removing stm32f10x_usart.o(i.USART_SmartCardNACKCmd), (24 bytes).
    Removing stm32f10x_usart.o(i.USART_StructInit), (24 bytes).
    Removing stm32f10x_usart.o(i.USART_WakeUpConfig), (18 bytes).
    Removing stm32f10x_wwdg.o(i.WWDG_ClearFlag), (12 bytes).
    Removing stm32f10x_wwdg.o(i.WWDG_DeInit), (22 bytes).
    Removing stm32f10x_wwdg.o(i.WWDG_Enable), (16 bytes).
    Removing stm32f10x_wwdg.o(i.WWDG_EnableIT), (12 bytes).
    Removing stm32f10x_wwdg.o(i.WWDG_GetFlagStatus), (12 bytes).
    Removing stm32f10x_wwdg.o(i.WWDG_SetCounter), (16 bytes).
    Removing stm32f10x_wwdg.o(i.WWDG_SetPrescaler), (24 bytes).
    Removing stm32f10x_wwdg.o(i.WWDG_SetWindowValue), (40 bytes).
    Removing oled.o(i.OLED_Display_Off), (28 bytes).
    Removing oled.o(i.OLED_Display_On), (28 bytes).
    Removing oled.o(i.OLED_DrawGIF), (144 bytes).
    Removing oled.o(i.OLED_Scroll), (76 bytes).
    Removing delay.o(i.Delay_s), (24 bytes).

454 unused section(s) (total 18146 bytes) removed from the image.

==============================================================================

Image Symbol Table

    Local Symbols

    Symbol Name                              Value     Ov Type        Size  Object(Section)

    ../clib/angel/boardlib.s                 0x00000000   Number         0  boardinit3.o ABSOLUTE
    ../clib/angel/boardlib.s                 0x00000000   Number         0  boardshut.o ABSOLUTE
    ../clib/angel/boardlib.s                 0x00000000   Number         0  boardinit2.o ABSOLUTE
    ../clib/angel/boardlib.s                 0x00000000   Number         0  boardinit1.o ABSOLUTE
    ../clib/angel/dczerorl2.s                0x00000000   Number         0  __dczerorl2.o ABSOLUTE
    ../clib/angel/handlers.s                 0x00000000   Number         0  __scatter_zi.o ABSOLUTE
    ../clib/angel/kernel.s                   0x00000000   Number         0  rtexit.o ABSOLUTE
    ../clib/angel/kernel.s                   0x00000000   Number         0  __rtentry4.o ABSOLUTE
    ../clib/angel/kernel.s                   0x00000000   Number         0  __rtentry2.o ABSOLUTE
    ../clib/angel/kernel.s                   0x00000000   Number         0  rtexit2.o ABSOLUTE
    ../clib/angel/kernel.s                   0x00000000   Number         0  __rtentry.o ABSOLUTE
    ../clib/angel/rt.s                       0x00000000   Number         0  rt_raise.o ABSOLUTE
    ../clib/angel/scatter.s                  0x00000000   Number         0  __scatter.o ABSOLUTE
    ../clib/angel/startup.s                  0x00000000   Number         0  __main.o ABSOLUTE
    ../clib/angel/sys.s                      0x00000000   Number         0  sys_stackheap_outer.o ABSOLUTE
    ../clib/angel/sys.s                      0x00000000   Number         0  libspace.o ABSOLUTE
    ../clib/angel/sys.s                      0x00000000   Number         0  indicate_semi.o ABSOLUTE
    ../clib/angel/sys.s                      0x00000000   Number         0  use_no_semi.o ABSOLUTE
    ../clib/angel/sysapp.c                   0x00000000   Number         0  sys_exit.o ABSOLUTE
    ../clib/angel/sysapp.c                   0x00000000   Number         0  sys_command.o ABSOLUTE
    ../clib/angel/sysapp.c                   0x00000000   Number         0  sys_wrch.o ABSOLUTE
    ../clib/armsys.c                         0x00000000   Number         0  argv_veneer.o ABSOLUTE
    ../clib/armsys.c                         0x00000000   Number         0  argv_veneer.o ABSOLUTE
    ../clib/armsys.c                         0x00000000   Number         0  _get_argv_nomalloc.o ABSOLUTE
    ../clib/armsys.c                         0x00000000   Number         0  no_argv.o ABSOLUTE
    ../clib/heapalloc.c                      0x00000000   Number         0  hrguard.o ABSOLUTE
    ../clib/heapaux.c                        0x00000000   Number         0  heapauxi.o ABSOLUTE
    ../clib/libinit.s                        0x00000000   Number         0  libinit.o ABSOLUTE
    ../clib/libinit.s                        0x00000000   Number         0  libinit2.o ABSOLUTE
    ../clib/libinit.s                        0x00000000   Number         0  libshutdown.o ABSOLUTE
    ../clib/libinit.s                        0x00000000   Number         0  libshutdown2.o ABSOLUTE
    ../clib/signal.c                         0x00000000   Number         0  defsig_rtmem_outer.o ABSOLUTE
    ../clib/signal.c                         0x00000000   Number         0  defsig_rtmem_formal.o ABSOLUTE
    ../clib/signal.c                         0x00000000   Number         0  defsig_rtmem_inner.o ABSOLUTE
    ../clib/signal.c                         0x00000000   Number         0  defsig_general.o ABSOLUTE
    ../clib/signal.c                         0x00000000   Number         0  defsig_other.o ABSOLUTE
    ../clib/signal.c                         0x00000000   Number         0  defsig_abrt_inner.o ABSOLUTE
    ../clib/signal.c                         0x00000000   Number         0  defsig_rtred_inner.o ABSOLUTE
    ../clib/signal.c                         0x00000000   Number         0  defsig_stak_inner.o ABSOLUTE
    ../clib/signal.c                         0x00000000   Number         0  defsig_pvfn_inner.o ABSOLUTE
    ../clib/signal.c                         0x00000000   Number         0  defsig_cppl_inner.o ABSOLUTE
    ../clib/signal.c                         0x00000000   Number         0  defsig_segv_inner.o ABSOLUTE
    ../clib/signal.c                         0x00000000   Number         0  defsig_fpe_inner.o ABSOLUTE
    ../clib/signal.c                         0x00000000   Number         0  defsig_exit.o ABSOLUTE
    ../clib/signal.c                         0x00000000   Number         0  __raise.o ABSOLUTE
    ../clib/signal.s                         0x00000000   Number         0  defsig.o ABSOLUTE
    ../clib/stdlib.c                         0x00000000   Number         0  exit.o ABSOLUTE
    ../fplib/d2f.s                           0x00000000   Number         0  d2f.o ABSOLUTE
    ../fplib/daddsub.s                       0x00000000   Number         0  daddsub_clz.o ABSOLUTE
    ../fplib/ddiv.s                          0x00000000   Number         0  ddiv.o ABSOLUTE
    ../fplib/dmul.s                          0x00000000   Number         0  dmul.o ABSOLUTE
    ../fplib/dnaninf.s                       0x00000000   Number         0  dnaninf.o ABSOLUTE
    ../fplib/dretinf.s                       0x00000000   Number         0  dretinf.o ABSOLUTE
    ../fplib/f2d.s                           0x00000000   Number         0  f2d.o ABSOLUTE
    ../fplib/fcmpi.s                         0x00000000   Number         0  fcmpi.o ABSOLUTE
    ../fplib/fdiv.s                          0x00000000   Number         0  fdiv.o ABSOLUTE
    ../fplib/ffix.s                          0x00000000   Number         0  ffix.o ABSOLUTE
    ../fplib/ffixu.s                         0x00000000   Number         0  ffixu.o ABSOLUTE
    ../fplib/fflt.s                          0x00000000   Number         0  fflt_clz.o ABSOLUTE
    ../fplib/fleqf.s                         0x00000000   Number         0  fleqf.o ABSOLUTE
    ../fplib/fmul.s                          0x00000000   Number         0  fmul.o ABSOLUTE
    ../fplib/fnaninf.s                       0x00000000   Number         0  fnaninf.o ABSOLUTE
    ../fplib/fpinit.s                        0x00000000   Number         0  fpinit.o ABSOLUTE
    ../fplib/fretinf.s                       0x00000000   Number         0  fretinf.o ABSOLUTE
    ../fplib/usenofp.s                       0x00000000   Number         0  usenofp.o ABSOLUTE
    Library\misc.c                           0x00000000   Number         0  misc.o ABSOLUTE
    Library\stm32f10x_adc.c                  0x00000000   Number         0  stm32f10x_adc.o ABSOLUTE
    Library\stm32f10x_bkp.c                  0x00000000   Number         0  stm32f10x_bkp.o ABSOLUTE
    Library\stm32f10x_can.c                  0x00000000   Number         0  stm32f10x_can.o ABSOLUTE
    Library\stm32f10x_cec.c                  0x00000000   Number         0  stm32f10x_cec.o ABSOLUTE
    Library\stm32f10x_crc.c                  0x00000000   Number         0  stm32f10x_crc.o ABSOLUTE
    Library\stm32f10x_dac.c                  0x00000000   Number         0  stm32f10x_dac.o ABSOLUTE
    Library\stm32f10x_dbgmcu.c               0x00000000   Number         0  stm32f10x_dbgmcu.o ABSOLUTE
    Library\stm32f10x_dma.c                  0x00000000   Number         0  stm32f10x_dma.o ABSOLUTE
    Library\stm32f10x_exti.c                 0x00000000   Number         0  stm32f10x_exti.o ABSOLUTE
    Library\stm32f10x_flash.c                0x00000000   Number         0  stm32f10x_flash.o ABSOLUTE
    Library\stm32f10x_fsmc.c                 0x00000000   Number         0  stm32f10x_fsmc.o ABSOLUTE
    Library\stm32f10x_gpio.c                 0x00000000   Number         0  stm32f10x_gpio.o ABSOLUTE
    Library\stm32f10x_i2c.c                  0x00000000   Number         0  stm32f10x_i2c.o ABSOLUTE
    Library\stm32f10x_iwdg.c                 0x00000000   Number         0  stm32f10x_iwdg.o ABSOLUTE
    Library\stm32f10x_pwr.c                  0x00000000   Number         0  stm32f10x_pwr.o ABSOLUTE
    Library\stm32f10x_rcc.c                  0x00000000   Number         0  stm32f10x_rcc.o ABSOLUTE
    Library\stm32f10x_rtc.c                  0x00000000   Number         0  stm32f10x_rtc.o ABSOLUTE
    Library\stm32f10x_sdio.c                 0x00000000   Number         0  stm32f10x_sdio.o ABSOLUTE
    Library\stm32f10x_spi.c                  0x00000000   Number         0  stm32f10x_spi.o ABSOLUTE
    Library\stm32f10x_tim.c                  0x00000000   Number         0  stm32f10x_tim.o ABSOLUTE
    Library\stm32f10x_usart.c                0x00000000   Number         0  stm32f10x_usart.o ABSOLUTE
    Library\stm32f10x_wwdg.c                 0x00000000   Number         0  stm32f10x_wwdg.o ABSOLUTE
    Start\\core_cm3.c                        0x00000000   Number         0  core_cm3.o ABSOLUTE
    Start\core_cm3.c                         0x00000000   Number         0  core_cm3.o ABSOLUTE
    Start\startup_stm32f10x_md.s             0x00000000   Number         0  startup_stm32f10x_md.o ABSOLUTE
    Start\system_stm32f10x.c                 0x00000000   Number         0  system_stm32f10x.o ABSOLUTE
    User\main.c                              0x00000000   Number         0  main.o ABSOLUTE
    User\stm32f10x_it.c                      0x00000000   Number         0  stm32f10x_it.o ABSOLUTE
    dc.s                                     0x00000000   Number         0  dc.o ABSOLUTE
    delay\Delay.c                            0x00000000   Number         0  delay.o ABSOLUTE
    drive\adc\AD.c                           0x00000000   Number         0  ad.o ABSOLUTE
    drive\aida64\aida64.c                    0x00000000   Number         0  aida64.o ABSOLUTE
    drive\dht11\dht11.c                      0x00000000   Number         0  dht11.o ABSOLUTE
    drive\usbkey\usbinit.c                   0x00000000   Number         0  usbinit.o ABSOLUTE
    key\key.c                                0x00000000   Number         0  key.o ABSOLUTE
    oled\bmp.c                               0x00000000   Number         0  bmp.o ABSOLUTE
    oled\oled.c                              0x00000000   Number         0  oled.o ABSOLUTE
    oled\oledfont.c                          0x00000000   Number         0  oledfont.o ABSOLUTE
    use\adc.c                                0x00000000   Number         0  adc.o ABSOLUTE
    use\pclce.c                              0x00000000   Number         0  pclce.o ABSOLUTE
    use\pctime.c                             0x00000000   Number         0  pctime.o ABSOLUTE
    use\usbkey.c                             0x00000000   Number         0  usbkey.o ABSOLUTE
    use\warn.c                               0x00000000   Number         0  warn.o ABSOLUTE
    use\wendu.c                              0x00000000   Number         0  wendu.o ABSOLUTE
    RESET                                    0x08000000   Section      236  startup_stm32f10x_md.o(RESET)
    !!!main                                  0x080000ec   Section        8  __main.o(!!!main)
    !!!scatter                               0x080000f4   Section       52  __scatter.o(!!!scatter)
    !!dczerorl2                              0x08000128   Section       90  __dczerorl2.o(!!dczerorl2)
    !!handler_zi                             0x08000184   Section       28  __scatter_zi.o(!!handler_zi)
    .ARM.Collect$$libinit$$00000000          0x080001a0   Section        2  libinit.o(.ARM.Collect$$libinit$$00000000)
    .ARM.Collect$$libinit$$00000002          0x080001a2   Section        0  libinit2.o(.ARM.Collect$$libinit$$00000002)
    .ARM.Collect$$libinit$$00000004          0x080001a2   Section        0  libinit2.o(.ARM.Collect$$libinit$$00000004)
    .ARM.Collect$$libinit$$0000000A          0x080001a2   Section        0  libinit2.o(.ARM.Collect$$libinit$$0000000A)
    .ARM.Collect$$libinit$$0000000C          0x080001a2   Section        0  libinit2.o(.ARM.Collect$$libinit$$0000000C)
    .ARM.Collect$$libinit$$0000000E          0x080001a2   Section        0  libinit2.o(.ARM.Collect$$libinit$$0000000E)
    .ARM.Collect$$libinit$$00000011          0x080001a2   Section        0  libinit2.o(.ARM.Collect$$libinit$$00000011)
    .ARM.Collect$$libinit$$00000013          0x080001a2   Section        0  libinit2.o(.ARM.Collect$$libinit$$00000013)
    .ARM.Collect$$libinit$$00000015          0x080001a2   Section        0  libinit2.o(.ARM.Collect$$libinit$$00000015)
    .ARM.Collect$$libinit$$00000017          0x080001a2   Section        0  libinit2.o(.ARM.Collect$$libinit$$00000017)
    .ARM.Collect$$libinit$$00000019          0x080001a2   Section        0  libinit2.o(.ARM.Collect$$libinit$$00000019)
    .ARM.Collect$$libinit$$0000001B          0x080001a2   Section        0  libinit2.o(.ARM.Collect$$libinit$$0000001B)
    .ARM.Collect$$libinit$$0000001D          0x080001a2   Section        0  libinit2.o(.ARM.Collect$$libinit$$0000001D)
    .ARM.Collect$$libinit$$0000001F          0x080001a2   Section        0  libinit2.o(.ARM.Collect$$libinit$$0000001F)
    .ARM.Collect$$libinit$$00000021          0x080001a2   Section        0  libinit2.o(.ARM.Collect$$libinit$$00000021)
    .ARM.Collect$$libinit$$00000023          0x080001a2   Section        0  libinit2.o(.ARM.Collect$$libinit$$00000023)
    .ARM.Collect$$libinit$$00000025          0x080001a2   Section        0  libinit2.o(.ARM.Collect$$libinit$$00000025)
    .ARM.Collect$$libinit$$0000002C          0x080001a2   Section        0  libinit2.o(.ARM.Collect$$libinit$$0000002C)
    .ARM.Collect$$libinit$$0000002E          0x080001a2   Section        0  libinit2.o(.ARM.Collect$$libinit$$0000002E)
    .ARM.Collect$$libinit$$00000030          0x080001a2   Section        0  libinit2.o(.ARM.Collect$$libinit$$00000030)
    .ARM.Collect$$libinit$$00000032          0x080001a2   Section        0  libinit2.o(.ARM.Collect$$libinit$$00000032)
    .ARM.Collect$$libinit$$00000033          0x080001a2   Section        2  libinit2.o(.ARM.Collect$$libinit$$00000033)
    .ARM.Collect$$libshutdown$$00000000      0x080001a4   Section        2  libshutdown.o(.ARM.Collect$$libshutdown$$00000000)
    .ARM.Collect$$libshutdown$$00000002      0x080001a6   Section        0  libshutdown2.o(.ARM.Collect$$libshutdown$$00000002)
    .ARM.Collect$$libshutdown$$00000004      0x080001a6   Section        0  libshutdown2.o(.ARM.Collect$$libshutdown$$00000004)
    .ARM.Collect$$libshutdown$$00000007      0x080001a6   Section        0  libshutdown2.o(.ARM.Collect$$libshutdown$$00000007)
    .ARM.Collect$$libshutdown$$0000000A      0x080001a6   Section        0  libshutdown2.o(.ARM.Collect$$libshutdown$$0000000A)
    .ARM.Collect$$libshutdown$$0000000C      0x080001a6   Section        0  libshutdown2.o(.ARM.Collect$$libshutdown$$0000000C)
    .ARM.Collect$$libshutdown$$0000000F      0x080001a6   Section        0  libshutdown2.o(.ARM.Collect$$libshutdown$$0000000F)
    .ARM.Collect$$libshutdown$$00000010      0x080001a6   Section        2  libshutdown2.o(.ARM.Collect$$libshutdown$$00000010)
    .ARM.Collect$$rtentry$$00000000          0x080001a8   Section        0  __rtentry.o(.ARM.Collect$$rtentry$$00000000)
    .ARM.Collect$$rtentry$$00000002          0x080001a8   Section        0  __rtentry2.o(.ARM.Collect$$rtentry$$00000002)
    .ARM.Collect$$rtentry$$00000004          0x080001a8   Section        6  __rtentry4.o(.ARM.Collect$$rtentry$$00000004)
    .ARM.Collect$$rtentry$$00000009          0x080001ae   Section        0  __rtentry2.o(.ARM.Collect$$rtentry$$00000009)
    .ARM.Collect$$rtentry$$0000000A          0x080001ae   Section        4  __rtentry2.o(.ARM.Collect$$rtentry$$0000000A)
    .ARM.Collect$$rtentry$$0000000C          0x080001b2   Section        0  __rtentry2.o(.ARM.Collect$$rtentry$$0000000C)
    .ARM.Collect$$rtentry$$0000000D          0x080001b2   Section        8  __rtentry2.o(.ARM.Collect$$rtentry$$0000000D)
    .ARM.Collect$$rtexit$$00000000           0x080001ba   Section        2  rtexit.o(.ARM.Collect$$rtexit$$00000000)
    .ARM.Collect$$rtexit$$00000002           0x080001bc   Section        0  rtexit2.o(.ARM.Collect$$rtexit$$00000002)
    .ARM.Collect$$rtexit$$00000003           0x080001bc   Section        4  rtexit2.o(.ARM.Collect$$rtexit$$00000003)
    .ARM.Collect$$rtexit$$00000004           0x080001c0   Section        6  rtexit2.o(.ARM.Collect$$rtexit$$00000004)
    .text                                    0x080001c8   Section       64  startup_stm32f10x_md.o(.text)
    .text                                    0x08000208   Section        0  heapauxi.o(.text)
    .text                                    0x0800020e   Section       74  sys_stackheap_outer.o(.text)
    .text                                    0x08000258   Section        0  exit.o(.text)
    .text                                    0x0800026c   Section        8  libspace.o(.text)
    .text                                    0x08000274   Section        0  sys_exit.o(.text)
    .text                                    0x08000280   Section        2  use_no_semi.o(.text)
    .text                                    0x08000282   Section        0  indicate_semi.o(.text)
    i.ADC_Cmd                                0x08000282   Section        0  stm32f10x_adc.o(i.ADC_Cmd)
    i.ADC_GetCalibrationStatus               0x08000298   Section        0  stm32f10x_adc.o(i.ADC_GetCalibrationStatus)
    i.ADC_GetConversionValue                 0x080002ac   Section        0  stm32f10x_adc.o(i.ADC_GetConversionValue)
    i.ADC_GetFlagStatus                      0x080002b4   Section        0  stm32f10x_adc.o(i.ADC_GetFlagStatus)
    i.ADC_GetResetCalibrationStatus          0x080002c6   Section        0  stm32f10x_adc.o(i.ADC_GetResetCalibrationStatus)
    i.ADC_Init                               0x080002dc   Section        0  stm32f10x_adc.o(i.ADC_Init)
    i.ADC_RegularChannelConfig               0x0800032c   Section        0  stm32f10x_adc.o(i.ADC_RegularChannelConfig)
    i.ADC_ResetCalibration                   0x080003e4   Section        0  stm32f10x_adc.o(i.ADC_ResetCalibration)
    i.ADC_SoftwareStartConvCmd               0x080003ee   Section        0  stm32f10x_adc.o(i.ADC_SoftwareStartConvCmd)
    i.ADC_StartCalibration                   0x08000404   Section        0  stm32f10x_adc.o(i.ADC_StartCalibration)
    i.AD_GetValue                            0x08000410   Section        0  ad.o(i.AD_GetValue)
    i.AD_Init                                0x08000444   Section        0  ad.o(i.AD_Init)
    i.BusFault_Handler                       0x080004d8   Section        0  stm32f10x_it.o(i.BusFault_Handler)
    i.DH11_GPIO_Init_IN                      0x080004dc   Section        0  dht11.o(i.DH11_GPIO_Init_IN)
    i.DH11_GPIO_Init_OUT                     0x08000508   Section        0  dht11.o(i.DH11_GPIO_Init_OUT)
    i.DHT11_REC_Data                         0x08000534   Section        0  dht11.o(i.DHT11_REC_Data)
    i.DHT11_Rec_Byte                         0x080005e4   Section        0  dht11.o(i.DHT11_Rec_Byte)
    i.DHT11_Start                            0x08000638   Section        0  dht11.o(i.DHT11_Start)
    i.DebugMon_Handler                       0x08000678   Section        0  stm32f10x_it.o(i.DebugMon_Handler)
    i.Delay_ms                               0x0800067a   Section        0  delay.o(i.Delay_ms)
    i.Delay_us                               0x08000692   Section        0  delay.o(i.Delay_us)
    i.GPIO_Init                              0x080006c0   Section        0  stm32f10x_gpio.o(i.GPIO_Init)
    i.GPIO_ReadInputDataBit                  0x080007d6   Section        0  stm32f10x_gpio.o(i.GPIO_ReadInputDataBit)
    i.GPIO_ResetBits                         0x080007e8   Section        0  stm32f10x_gpio.o(i.GPIO_ResetBits)
    i.GPIO_SetBits                           0x080007ec   Section        0  stm32f10x_gpio.o(i.GPIO_SetBits)
    i.GPIO_WriteBit                          0x080007f0   Section        0  stm32f10x_gpio.o(i.GPIO_WriteBit)
    i.HardFault_Handler                      0x080007fa   Section        0  stm32f10x_it.o(i.HardFault_Handler)
    i.IIC_Wait_Ack                           0x08000800   Section        0  oled.o(i.IIC_Wait_Ack)
    IIC_Wait_Ack                             0x08000801   Thumb Code    88  oled.o(i.IIC_Wait_Ack)
    i.Key_GetNum                             0x0800085c   Section        0  key.o(i.Key_GetNum)
    i.Key_Init                               0x08000908   Section        0  key.o(i.Key_Init)
    i.MemManage_Handler                      0x08000934   Section        0  stm32f10x_it.o(i.MemManage_Handler)
    i.NMI_Handler                            0x08000938   Section        0  stm32f10x_it.o(i.NMI_Handler)
    i.NVIC_Init                              0x0800093c   Section        0  misc.o(i.NVIC_Init)
    i.NVIC_PriorityGroupConfig               0x080009ac   Section        0  misc.o(i.NVIC_PriorityGroupConfig)
    i.OLED_Clear                             0x080009c0   Section        0  oled.o(i.OLED_Clear)
    i.OLED_DrawBMP                           0x08000a00   Section        0  oled.o(i.OLED_DrawBMP)
    i.OLED_GPIO_Init                         0x08000a78   Section        0  oled.o(i.OLED_GPIO_Init)
    OLED_GPIO_Init                           0x08000a79   Thumb Code    60  oled.o(i.OLED_GPIO_Init)
    i.OLED_IIC_Start                         0x08000ab8   Section        0  oled.o(i.OLED_IIC_Start)
    OLED_IIC_Start                           0x08000ab9   Thumb Code    62  oled.o(i.OLED_IIC_Start)
    i.OLED_IIC_Stop                          0x08000afc   Section        0  oled.o(i.OLED_IIC_Stop)
    OLED_IIC_Stop                            0x08000afd   Thumb Code    52  oled.o(i.OLED_IIC_Stop)
    i.OLED_Init                              0x08000b34   Section        0  oled.o(i.OLED_Init)
    i.OLED_Set_Pos                           0x08000c18   Section        0  oled.o(i.OLED_Set_Pos)
    i.OLED_ShowCHinese                       0x08000c42   Section        0  oled.o(i.OLED_ShowCHinese)
    i.OLED_ShowChar                          0x08000cb4   Section        0  oled.o(i.OLED_ShowChar)
    i.OLED_ShowNum                           0x08000d24   Section        0  oled.o(i.OLED_ShowNum)
    i.OLED_ShowString                        0x08000da8   Section        0  oled.o(i.OLED_ShowString)
    i.OLED_WR_Byte                           0x08000dde   Section        0  oled.o(i.OLED_WR_Byte)
    i.PendSV_Handler                         0x08000df6   Section        0  stm32f10x_it.o(i.PendSV_Handler)
    i.RCC_ADCCLKConfig                       0x08000df8   Section        0  stm32f10x_rcc.o(i.RCC_ADCCLKConfig)
    i.RCC_APB2PeriphClockCmd                 0x08000e10   Section        0  stm32f10x_rcc.o(i.RCC_APB2PeriphClockCmd)
    i.RCC_GetClocksFreq                      0x08000e30   Section        0  stm32f10x_rcc.o(i.RCC_GetClocksFreq)
    i.SVC_Handler                            0x08000f04   Section        0  stm32f10x_it.o(i.SVC_Handler)
    i.Serial_Init                            0x08000f08   Section        0  aida64.o(i.Serial_Init)
    i.SetSysClock                            0x08000fc0   Section        0  system_stm32f10x.o(i.SetSysClock)
    SetSysClock                              0x08000fc1   Thumb Code     8  system_stm32f10x.o(i.SetSysClock)
    i.SetSysClockTo72                        0x08000fc8   Section        0  system_stm32f10x.o(i.SetSysClockTo72)
    SetSysClockTo72                          0x08000fc9   Thumb Code   214  system_stm32f10x.o(i.SetSysClockTo72)
    i.SysTick_Handler                        0x080010a8   Section        0  stm32f10x_it.o(i.SysTick_Handler)
    i.SystemInit                             0x080010ac   Section        0  system_stm32f10x.o(i.SystemInit)
    i.USART1_IRQHandler                      0x0800110c   Section        0  aida64.o(i.USART1_IRQHandler)
    i.USART_ClearITPendingBit                0x0800136c   Section        0  stm32f10x_usart.o(i.USART_ClearITPendingBit)
    i.USART_Cmd                              0x0800138a   Section        0  stm32f10x_usart.o(i.USART_Cmd)
    i.USART_GetITStatus                      0x080013a2   Section        0  stm32f10x_usart.o(i.USART_GetITStatus)
    i.USART_ITConfig                         0x080013f6   Section        0  stm32f10x_usart.o(i.USART_ITConfig)
    i.USART_Init                             0x08001440   Section        0  stm32f10x_usart.o(i.USART_Init)
    i.USART_ReceiveData                      0x08001518   Section        0  stm32f10x_usart.o(i.USART_ReceiveData)
    i.UsageFault_Handler                     0x08001522   Section        0  stm32f10x_it.o(i.UsageFault_Handler)
    i.Write_IIC_Byte                         0x08001528   Section        0  oled.o(i.Write_IIC_Byte)
    Write_IIC_Byte                           0x08001529   Thumb Code   114  oled.o(i.Write_IIC_Byte)
    i.Write_IIC_Command                      0x080015a0   Section        0  oled.o(i.Write_IIC_Command)
    Write_IIC_Command                        0x080015a1   Thumb Code    32  oled.o(i.Write_IIC_Command)
    i.Write_IIC_Data                         0x080015c0   Section        0  oled.o(i.Write_IIC_Data)
    Write_IIC_Data                           0x080015c1   Thumb Code    32  oled.o(i.Write_IIC_Data)
    i.adc                                    0x080015e0   Section        0  adc.o(i.adc)
    i.kaiji                                  0x0800180c   Section        0  main.o(i.kaiji)
    i.keyread                                0x08001880   Section        0  main.o(i.keyread)
    i.main                                   0x080018dc   Section        0  main.o(i.main)
    i.oled_pow                               0x08001950   Section        0  oled.o(i.oled_pow)
    i.pccpu                                  0x08001968   Section        0  pclce.o(i.pccpu)
    i.pclcd                                  0x08001984   Section        0  pclce.o(i.pclcd)
    i.pctime                                 0x08001a64   Section        0  pctime.o(i.pctime)
    i.rewarn                                 0x08001a9c   Section        0  warn.o(i.rewarn)
    i.usb                                    0x08001b04   Section        0  usbkey.o(i.usb)
    i.usbKey_Init                            0x08001c84   Section        0  usbinit.o(i.usbKey_Init)
    i.usbcx                                  0x08001cc8   Section        0  main.o(i.usbcx)
    i.usbkeys                                0x08001d04   Section        0  usbkey.o(i.usbkeys)
    i.usbs                                   0x08001d70   Section        0  usbkey.o(i.usbs)
    i.warn                                   0x08001e7c   Section        0  warn.o(i.warn)
    i.warncx                                 0x08001ec4   Section        0  main.o(i.warncx)
    i.warnkey                                0x08001f40   Section        0  warn.o(i.warnkey)
    i.warnnum                                0x08001f9c   Section        0  warn.o(i.warnnum)
    i.wendu                                  0x08001fa8   Section        0  wendu.o(i.wendu)
    i.wenduio                                0x08002060   Section        0  main.o(i.wenduio)
    x$fpl$d2f                                0x08002094   Section       98  d2f.o(x$fpl$d2f)
    x$fpl$dadd                               0x080020f8   Section      336  daddsub_clz.o(x$fpl$dadd)
    _dadd1                                   0x08002109   Thumb Code     0  daddsub_clz.o(x$fpl$dadd)
    x$fpl$ddiv                               0x08002248   Section      688  ddiv.o(x$fpl$ddiv)
    ddiv_entry                               0x0800224f   Thumb Code     0  ddiv.o(x$fpl$ddiv)
    x$fpl$dmul                               0x080024f8   Section      340  dmul.o(x$fpl$dmul)
    x$fpl$dnaninf                            0x0800264c   Section      156  dnaninf.o(x$fpl$dnaninf)
    x$fpl$dretinf                            0x080026e8   Section       12  dretinf.o(x$fpl$dretinf)
    x$fpl$dsub                               0x080026f4   Section      468  daddsub_clz.o(x$fpl$dsub)
    _dsub1                                   0x08002705   Thumb Code     0  daddsub_clz.o(x$fpl$dsub)
    x$fpl$f2d                                0x080028c8   Section       86  f2d.o(x$fpl$f2d)
    x$fpl$fcmpinf                            0x0800291e   Section       24  fcmpi.o(x$fpl$fcmpinf)
    x$fpl$fdiv                               0x08002938   Section      388  fdiv.o(x$fpl$fdiv)
    _fdiv1                                   0x08002939   Thumb Code     0  fdiv.o(x$fpl$fdiv)
    x$fpl$ffix                               0x08002abc   Section       54  ffix.o(x$fpl$ffix)
    x$fpl$ffixu                              0x08002af4   Section       62  ffixu.o(x$fpl$ffixu)
    x$fpl$fflt                               0x08002b34   Section       48  fflt_clz.o(x$fpl$fflt)
    x$fpl$fleqf                              0x08002b64   Section      104  fleqf.o(x$fpl$fleqf)
    x$fpl$fmul                               0x08002bcc   Section      258  fmul.o(x$fpl$fmul)
    x$fpl$fnaninf                            0x08002cce   Section      140  fnaninf.o(x$fpl$fnaninf)
    x$fpl$fretinf                            0x08002d5a   Section       10  fretinf.o(x$fpl$fretinf)
    .constdata                               0x08002d64   Section     2072  oledfont.o(.constdata)
    x$fpl$usenofp                            0x08002d64   Section        0  usenofp.o(x$fpl$usenofp)
    .data                                    0x20000000   Section       20  stm32f10x_rcc.o(.data)
    APBAHBPrescTable                         0x20000000   Data          16  stm32f10x_rcc.o(.data)
    ADCPrescTable                            0x20000010   Data           4  stm32f10x_rcc.o(.data)
    .data                                    0x20000014   Section       16  main.o(.data)
    .data                                    0x20000024   Section     1350  bmp.o(.data)
    .data                                    0x2000056a   Section     1824  oledfont.o(.data)
    .data                                    0x20000c8a   Section        3  aida64.o(.data)
    RxState                                  0x20000c8b   Data           1  aida64.o(.data)
    RxDataNum                                0x20000c8c   Data           1  aida64.o(.data)
    .data                                    0x20000c90   Section        4  warn.o(.data)
    .data                                    0x20000c94   Section       24  adc.o(.data)
    .data                                    0x20000cac   Section       36  usbkey.o(.data)
    .bss                                     0x20000cd0   Section       16  dht11.o(.bss)
    .bss                                     0x20000ce0   Section      140  aida64.o(.bss)
    .bss                                     0x20000d6c   Section       96  libspace.o(.bss)
    HEAP                                     0x20000dd0   Section      512  startup_stm32f10x_md.o(HEAP)
    Heap_Mem                                 0x20000dd0   Data         512  startup_stm32f10x_md.o(HEAP)
    STACK                                    0x20000fd0   Section     1024  startup_stm32f10x_md.o(STACK)
    Stack_Mem                                0x20000fd0   Data        1024  startup_stm32f10x_md.o(STACK)
    __initial_sp                             0x200013d0   Data           0  startup_stm32f10x_md.o(STACK)

    Global Symbols

    Symbol Name                              Value     Ov Type        Size  Object(Section)

    BuildAttributes$$THM_ISAv4$P$D$K$B$S$PE$A:L22UL41UL21$X:L11$S22US41US21$IEEE1$IW$USESV6$~STKCKD$USESV7$~SHL$OSPACE$ROPI$EBA8$UX$STANDARDLIB$REQ8$PRES8$EABIv2 0x00000000   Number         0  anon$$obj.o ABSOLUTE
    __ARM_use_no_argv                        0x00000000   Number         0  main.o ABSOLUTE
    __ARM_exceptions_init                     - Undefined Weak Reference
    __alloca_initialize                       - Undefined Weak Reference
    __arm_preinit_                            - Undefined Weak Reference
    __cpp_initialize__aeabi_                  - Undefined Weak Reference
    __cxa_finalize                            - Undefined Weak Reference
    __rt_locale                               - Undefined Weak Reference
    __sigvec_lookup                           - Undefined Weak Reference
    _atexit_init                              - Undefined Weak Reference
    _call_atexit_fns                          - Undefined Weak Reference
    _clock_init                               - Undefined Weak Reference
    _fp_trap_init                             - Undefined Weak Reference
    _fp_trap_shutdown                         - Undefined Weak Reference
    _get_lc_collate                           - Undefined Weak Reference
    _get_lc_ctype                             - Undefined Weak Reference
    _get_lc_monetary                          - Undefined Weak Reference
    _get_lc_numeric                           - Undefined Weak Reference
    _get_lc_time                              - Undefined Weak Reference
    _getenv_init                              - Undefined Weak Reference
    _handle_redirection                       - Undefined Weak Reference
    _init_alloc                               - Undefined Weak Reference
    _init_user_alloc                          - Undefined Weak Reference
    _initio                                   - Undefined Weak Reference
    _rand_init                                - Undefined Weak Reference
    _signal_finish                            - Undefined Weak Reference
    _signal_init                              - Undefined Weak Reference
    _terminate_alloc                          - Undefined Weak Reference
    _terminate_user_alloc                     - Undefined Weak Reference
    _terminateio                              - Undefined Weak Reference
    __Vectors_Size                           0x000000ec   Number         0  startup_stm32f10x_md.o ABSOLUTE
    __Vectors                                0x08000000   Data           4  startup_stm32f10x_md.o(RESET)
    __Vectors_End                            0x080000ec   Data           0  startup_stm32f10x_md.o(RESET)
    __main                                   0x080000ed   Thumb Code     8  __main.o(!!!main)
    __scatterload                            0x080000f5   Thumb Code     0  __scatter.o(!!!scatter)
    __scatterload_rt2                        0x080000f5   Thumb Code    44  __scatter.o(!!!scatter)
    __scatterload_rt2_thumb_only             0x080000f5   Thumb Code     0  __scatter.o(!!!scatter)
    __scatterload_null                       0x08000103   Thumb Code     0  __scatter.o(!!!scatter)
    __decompress                             0x08000129   Thumb Code    90  __dczerorl2.o(!!dczerorl2)
    __decompress1                            0x08000129   Thumb Code     0  __dczerorl2.o(!!dczerorl2)
    __scatterload_zeroinit                   0x08000185   Thumb Code    28  __scatter_zi.o(!!handler_zi)
    __rt_lib_init                            0x080001a1   Thumb Code     0  libinit.o(.ARM.Collect$$libinit$$00000000)
    __rt_lib_init_alloca_1                   0x080001a3   Thumb Code     0  libinit2.o(.ARM.Collect$$libinit$$0000002E)
    __rt_lib_init_argv_1                     0x080001a3   Thumb Code     0  libinit2.o(.ARM.Collect$$libinit$$0000002C)
    __rt_lib_init_atexit_1                   0x080001a3   Thumb Code     0  libinit2.o(.ARM.Collect$$libinit$$0000001B)
    __rt_lib_init_clock_1                    0x080001a3   Thumb Code     0  libinit2.o(.ARM.Collect$$libinit$$00000021)
    __rt_lib_init_cpp_1                      0x080001a3   Thumb Code     0  libinit2.o(.ARM.Collect$$libinit$$00000032)
    __rt_lib_init_exceptions_1               0x080001a3   Thumb Code     0  libinit2.o(.ARM.Collect$$libinit$$00000030)
    __rt_lib_init_fp_1                       0x080001a3   Thumb Code     0  libinit2.o(.ARM.Collect$$libinit$$00000002)
    __rt_lib_init_fp_trap_1                  0x080001a3   Thumb Code     0  libinit2.o(.ARM.Collect$$libinit$$0000001F)
    __rt_lib_init_getenv_1                   0x080001a3   Thumb Code     0  libinit2.o(.ARM.Collect$$libinit$$00000023)
    __rt_lib_init_heap_1                     0x080001a3   Thumb Code     0  libinit2.o(.ARM.Collect$$libinit$$0000000A)
    __rt_lib_init_lc_collate_1               0x080001a3   Thumb Code     0  libinit2.o(.ARM.Collect$$libinit$$00000011)
    __rt_lib_init_lc_ctype_1                 0x080001a3   Thumb Code     0  libinit2.o(.ARM.Collect$$libinit$$00000013)
    __rt_lib_init_lc_monetary_1              0x080001a3   Thumb Code     0  libinit2.o(.ARM.Collect$$libinit$$00000015)
    __rt_lib_init_lc_numeric_1               0x080001a3   Thumb Code     0  libinit2.o(.ARM.Collect$$libinit$$00000017)
    __rt_lib_init_lc_time_1                  0x080001a3   Thumb Code     0  libinit2.o(.ARM.Collect$$libinit$$00000019)
    __rt_lib_init_preinit_1                  0x080001a3   Thumb Code     0  libinit2.o(.ARM.Collect$$libinit$$00000004)
    __rt_lib_init_rand_1                     0x080001a3   Thumb Code     0  libinit2.o(.ARM.Collect$$libinit$$0000000E)
    __rt_lib_init_return                     0x080001a3   Thumb Code     0  libinit2.o(.ARM.Collect$$libinit$$00000033)
    __rt_lib_init_signal_1                   0x080001a3   Thumb Code     0  libinit2.o(.ARM.Collect$$libinit$$0000001D)
    __rt_lib_init_stdio_1                    0x080001a3   Thumb Code     0  libinit2.o(.ARM.Collect$$libinit$$00000025)
    __rt_lib_init_user_alloc_1               0x080001a3   Thumb Code     0  libinit2.o(.ARM.Collect$$libinit$$0000000C)
    __rt_lib_shutdown                        0x080001a5   Thumb Code     0  libshutdown.o(.ARM.Collect$$libshutdown$$00000000)
    __rt_lib_shutdown_cpp_1                  0x080001a7   Thumb Code     0  libshutdown2.o(.ARM.Collect$$libshutdown$$00000002)
    __rt_lib_shutdown_fp_trap_1              0x080001a7   Thumb Code     0  libshutdown2.o(.ARM.Collect$$libshutdown$$00000007)
    __rt_lib_shutdown_heap_1                 0x080001a7   Thumb Code     0  libshutdown2.o(.ARM.Collect$$libshutdown$$0000000F)
    __rt_lib_shutdown_return                 0x080001a7   Thumb Code     0  libshutdown2.o(.ARM.Collect$$libshutdown$$00000010)
    __rt_lib_shutdown_signal_1               0x080001a7   Thumb Code     0  libshutdown2.o(.ARM.Collect$$libshutdown$$0000000A)
    __rt_lib_shutdown_stdio_1                0x080001a7   Thumb Code     0  libshutdown2.o(.ARM.Collect$$libshutdown$$00000004)
    __rt_lib_shutdown_user_alloc_1           0x080001a7   Thumb Code     0  libshutdown2.o(.ARM.Collect$$libshutdown$$0000000C)
    __rt_entry                               0x080001a9   Thumb Code     0  __rtentry.o(.ARM.Collect$$rtentry$$00000000)
    __rt_entry_presh_1                       0x080001a9   Thumb Code     0  __rtentry2.o(.ARM.Collect$$rtentry$$00000002)
    __rt_entry_sh                            0x080001a9   Thumb Code     0  __rtentry4.o(.ARM.Collect$$rtentry$$00000004)
    __rt_entry_li                            0x080001af   Thumb Code     0  __rtentry2.o(.ARM.Collect$$rtentry$$0000000A)
    __rt_entry_postsh_1                      0x080001af   Thumb Code     0  __rtentry2.o(.ARM.Collect$$rtentry$$00000009)
    __rt_entry_main                          0x080001b3   Thumb Code     0  __rtentry2.o(.ARM.Collect$$rtentry$$0000000D)
    __rt_entry_postli_1                      0x080001b3   Thumb Code     0  __rtentry2.o(.ARM.Collect$$rtentry$$0000000C)
    __rt_exit                                0x080001bb   Thumb Code     0  rtexit.o(.ARM.Collect$$rtexit$$00000000)
    __rt_exit_ls                             0x080001bd   Thumb Code     0  rtexit2.o(.ARM.Collect$$rtexit$$00000003)
    __rt_exit_prels_1                        0x080001bd   Thumb Code     0  rtexit2.o(.ARM.Collect$$rtexit$$00000002)
    __rt_exit_exit                           0x080001c1   Thumb Code     0  rtexit2.o(.ARM.Collect$$rtexit$$00000004)
    Reset_Handler                            0x080001c9   Thumb Code     8  startup_stm32f10x_md.o(.text)
    ADC1_2_IRQHandler                        0x080001e3   Thumb Code     0  startup_stm32f10x_md.o(.text)
    CAN1_RX1_IRQHandler                      0x080001e3   Thumb Code     0  startup_stm32f10x_md.o(.text)
    CAN1_SCE_IRQHandler                      0x080001e3   Thumb Code     0  startup_stm32f10x_md.o(.text)
    DMA1_Channel1_IRQHandler                 0x080001e3   Thumb Code     0  startup_stm32f10x_md.o(.text)
    DMA1_Channel2_IRQHandler                 0x080001e3   Thumb Code     0  startup_stm32f10x_md.o(.text)
    DMA1_Channel3_IRQHandler                 0x080001e3   Thumb Code     0  startup_stm32f10x_md.o(.text)
    DMA1_Channel4_IRQHandler                 0x080001e3   Thumb Code     0  startup_stm32f10x_md.o(.text)
    DMA1_Channel5_IRQHandler                 0x080001e3   Thumb Code     0  startup_stm32f10x_md.o(.text)
    DMA1_Channel6_IRQHandler                 0x080001e3   Thumb Code     0  startup_stm32f10x_md.o(.text)
    DMA1_Channel7_IRQHandler                 0x080001e3   Thumb Code     0  startup_stm32f10x_md.o(.text)
    EXTI0_IRQHandler                         0x080001e3   Thumb Code     0  startup_stm32f10x_md.o(.text)
    EXTI15_10_IRQHandler                     0x080001e3   Thumb Code     0  startup_stm32f10x_md.o(.text)
    EXTI1_IRQHandler                         0x080001e3   Thumb Code     0  startup_stm32f10x_md.o(.text)
    EXTI2_IRQHandler                         0x080001e3   Thumb Code     0  startup_stm32f10x_md.o(.text)
    EXTI3_IRQHandler                         0x080001e3   Thumb Code     0  startup_stm32f10x_md.o(.text)
    EXTI4_IRQHandler                         0x080001e3   Thumb Code     0  startup_stm32f10x_md.o(.text)
    EXTI9_5_IRQHandler                       0x080001e3   Thumb Code     0  startup_stm32f10x_md.o(.text)
    FLASH_IRQHandler                         0x080001e3   Thumb Code     0  startup_stm32f10x_md.o(.text)
    I2C1_ER_IRQHandler                       0x080001e3   Thumb Code     0  startup_stm32f10x_md.o(.text)
    I2C1_EV_IRQHandler                       0x080001e3   Thumb Code     0  startup_stm32f10x_md.o(.text)
    I2C2_ER_IRQHandler                       0x080001e3   Thumb Code     0  startup_stm32f10x_md.o(.text)
    I2C2_EV_IRQHandler                       0x080001e3   Thumb Code     0  startup_stm32f10x_md.o(.text)
    PVD_IRQHandler                           0x080001e3   Thumb Code     0  startup_stm32f10x_md.o(.text)
    RCC_IRQHandler                           0x080001e3   Thumb Code     0  startup_stm32f10x_md.o(.text)
    RTCAlarm_IRQHandler                      0x080001e3   Thumb Code     0  startup_stm32f10x_md.o(.text)
    RTC_IRQHandler                           0x080001e3   Thumb Code     0  startup_stm32f10x_md.o(.text)
    SPI1_IRQHandler                          0x080001e3   Thumb Code     0  startup_stm32f10x_md.o(.text)
    SPI2_IRQHandler                          0x080001e3   Thumb Code     0  startup_stm32f10x_md.o(.text)
    TAMPER_IRQHandler                        0x080001e3   Thumb Code     0  startup_stm32f10x_md.o(.text)
    TIM1_BRK_IRQHandler                      0x080001e3   Thumb Code     0  startup_stm32f10x_md.o(.text)
    TIM1_CC_IRQHandler                       0x080001e3   Thumb Code     0  startup_stm32f10x_md.o(.text)
    TIM1_TRG_COM_IRQHandler                  0x080001e3   Thumb Code     0  startup_stm32f10x_md.o(.text)
    TIM1_UP_IRQHandler                       0x080001e3   Thumb Code     0  startup_stm32f10x_md.o(.text)
    TIM2_IRQHandler                          0x080001e3   Thumb Code     0  startup_stm32f10x_md.o(.text)
    TIM3_IRQHandler                          0x080001e3   Thumb Code     0  startup_stm32f10x_md.o(.text)
    TIM4_IRQHandler                          0x080001e3   Thumb Code     0  startup_stm32f10x_md.o(.text)
    USART2_IRQHandler                        0x080001e3   Thumb Code     0  startup_stm32f10x_md.o(.text)
    USART3_IRQHandler                        0x080001e3   Thumb Code     0  startup_stm32f10x_md.o(.text)
    USBWakeUp_IRQHandler                     0x080001e3   Thumb Code     0  startup_stm32f10x_md.o(.text)
    USB_HP_CAN1_TX_IRQHandler                0x080001e3   Thumb Code     0  startup_stm32f10x_md.o(.text)
    USB_LP_CAN1_RX0_IRQHandler               0x080001e3   Thumb Code     0  startup_stm32f10x_md.o(.text)
    WWDG_IRQHandler                          0x080001e3   Thumb Code     0  startup_stm32f10x_md.o(.text)
    __user_initial_stackheap                 0x080001e5   Thumb Code     0  startup_stm32f10x_md.o(.text)
    __use_two_region_memory                  0x08000209   Thumb Code     2  heapauxi.o(.text)
    __rt_heap_escrow$2region                 0x0800020b   Thumb Code     2  heapauxi.o(.text)
    __rt_heap_expand$2region                 0x0800020d   Thumb Code     2  heapauxi.o(.text)
    __user_setup_stackheap                   0x0800020f   Thumb Code    74  sys_stackheap_outer.o(.text)
    exit                                     0x08000259   Thumb Code    18  exit.o(.text)
    __user_libspace                          0x0800026d   Thumb Code     8  libspace.o(.text)
    __user_perproc_libspace                  0x0800026d   Thumb Code     0  libspace.o(.text)
    __user_perthread_libspace                0x0800026d   Thumb Code     0  libspace.o(.text)
    _sys_exit                                0x08000275   Thumb Code     8  sys_exit.o(.text)
    __I$use$semihosting                      0x08000281   Thumb Code     0  use_no_semi.o(.text)
    __use_no_semihosting_swi                 0x08000281   Thumb Code     2  use_no_semi.o(.text)
    ADC_Cmd                                  0x08000283   Thumb Code    22  stm32f10x_adc.o(i.ADC_Cmd)
    __semihosting_library_function           0x08000283   Thumb Code     0  indicate_semi.o(.text)
    ADC_GetCalibrationStatus                 0x08000299   Thumb Code    20  stm32f10x_adc.o(i.ADC_GetCalibrationStatus)
    ADC_GetConversionValue                   0x080002ad   Thumb Code     8  stm32f10x_adc.o(i.ADC_GetConversionValue)
    ADC_GetFlagStatus                        0x080002b5   Thumb Code    18  stm32f10x_adc.o(i.ADC_GetFlagStatus)
    ADC_GetResetCalibrationStatus            0x080002c7   Thumb Code    20  stm32f10x_adc.o(i.ADC_GetResetCalibrationStatus)
    ADC_Init                                 0x080002dd   Thumb Code    70  stm32f10x_adc.o(i.ADC_Init)
    ADC_RegularChannelConfig                 0x0800032d   Thumb Code   184  stm32f10x_adc.o(i.ADC_RegularChannelConfig)
    ADC_ResetCalibration                     0x080003e5   Thumb Code    10  stm32f10x_adc.o(i.ADC_ResetCalibration)
    ADC_SoftwareStartConvCmd                 0x080003ef   Thumb Code    22  stm32f10x_adc.o(i.ADC_SoftwareStartConvCmd)
    ADC_StartCalibration                     0x08000405   Thumb Code    10  stm32f10x_adc.o(i.ADC_StartCalibration)
    AD_GetValue                              0x08000411   Thumb Code    46  ad.o(i.AD_GetValue)
    AD_Init                                  0x08000445   Thumb Code   138  ad.o(i.AD_Init)
    BusFault_Handler                         0x080004d9   Thumb Code     4  stm32f10x_it.o(i.BusFault_Handler)
    DH11_GPIO_Init_IN                        0x080004dd   Thumb Code    38  dht11.o(i.DH11_GPIO_Init_IN)
    DH11_GPIO_Init_OUT                       0x08000509   Thumb Code    38  dht11.o(i.DH11_GPIO_Init_OUT)
    DHT11_REC_Data                           0x08000535   Thumb Code   168  dht11.o(i.DHT11_REC_Data)
    DHT11_Rec_Byte                           0x080005e5   Thumb Code    80  dht11.o(i.DHT11_Rec_Byte)
    DHT11_Start                              0x08000639   Thumb Code    60  dht11.o(i.DHT11_Start)
    DebugMon_Handler                         0x08000679   Thumb Code     2  stm32f10x_it.o(i.DebugMon_Handler)
    Delay_ms                                 0x0800067b   Thumb Code    24  delay.o(i.Delay_ms)
    Delay_us                                 0x08000693   Thumb Code    46  delay.o(i.Delay_us)
    GPIO_Init                                0x080006c1   Thumb Code   278  stm32f10x_gpio.o(i.GPIO_Init)
    GPIO_ReadInputDataBit                    0x080007d7   Thumb Code    18  stm32f10x_gpio.o(i.GPIO_ReadInputDataBit)
    GPIO_ResetBits                           0x080007e9   Thumb Code     4  stm32f10x_gpio.o(i.GPIO_ResetBits)
    GPIO_SetBits                             0x080007ed   Thumb Code     4  stm32f10x_gpio.o(i.GPIO_SetBits)
    GPIO_WriteBit                            0x080007f1   Thumb Code    10  stm32f10x_gpio.o(i.GPIO_WriteBit)
    HardFault_Handler                        0x080007fb   Thumb Code     4  stm32f10x_it.o(i.HardFault_Handler)
    Key_GetNum                               0x0800085d   Thumb Code   168  key.o(i.Key_GetNum)
    Key_Init                                 0x08000909   Thumb Code    40  key.o(i.Key_Init)
    MemManage_Handler                        0x08000935   Thumb Code     4  stm32f10x_it.o(i.MemManage_Handler)
    NMI_Handler                              0x08000939   Thumb Code     2  stm32f10x_it.o(i.NMI_Handler)
    NVIC_Init                                0x0800093d   Thumb Code   100  misc.o(i.NVIC_Init)
    NVIC_PriorityGroupConfig                 0x080009ad   Thumb Code    10  misc.o(i.NVIC_PriorityGroupConfig)
    OLED_Clear                               0x080009c1   Thumb Code    64  oled.o(i.OLED_Clear)
    OLED_DrawBMP                             0x08000a01   Thumb Code   118  oled.o(i.OLED_DrawBMP)
    OLED_Init                                0x08000b35   Thumb Code   228  oled.o(i.OLED_Init)
    OLED_Set_Pos                             0x08000c19   Thumb Code    42  oled.o(i.OLED_Set_Pos)
    OLED_ShowCHinese                         0x08000c43   Thumb Code   114  oled.o(i.OLED_ShowCHinese)
    OLED_ShowChar                            0x08000cb5   Thumb Code   106  oled.o(i.OLED_ShowChar)
    OLED_ShowNum                             0x08000d25   Thumb Code   132  oled.o(i.OLED_ShowNum)
    OLED_ShowString                          0x08000da9   Thumb Code    54  oled.o(i.OLED_ShowString)
    OLED_WR_Byte                             0x08000ddf   Thumb Code    24  oled.o(i.OLED_WR_Byte)
    PendSV_Handler                           0x08000df7   Thumb Code     2  stm32f10x_it.o(i.PendSV_Handler)
    RCC_ADCCLKConfig                         0x08000df9   Thumb Code    18  stm32f10x_rcc.o(i.RCC_ADCCLKConfig)
    RCC_APB2PeriphClockCmd                   0x08000e11   Thumb Code    26  stm32f10x_rcc.o(i.RCC_APB2PeriphClockCmd)
    RCC_GetClocksFreq                        0x08000e31   Thumb Code   192  stm32f10x_rcc.o(i.RCC_GetClocksFreq)
    SVC_Handler                              0x08000f05   Thumb Code     2  stm32f10x_it.o(i.SVC_Handler)
    Serial_Init                              0x08000f09   Thumb Code   174  aida64.o(i.Serial_Init)
    SysTick_Handler                          0x080010a9   Thumb Code     2  stm32f10x_it.o(i.SysTick_Handler)
    SystemInit                               0x080010ad   Thumb Code    78  system_stm32f10x.o(i.SystemInit)
    USART1_IRQHandler                        0x0800110d   Thumb Code   562  aida64.o(i.USART1_IRQHandler)
    USART_ClearITPendingBit                  0x0800136d   Thumb Code    30  stm32f10x_usart.o(i.USART_ClearITPendingBit)
    USART_Cmd                                0x0800138b   Thumb Code    24  stm32f10x_usart.o(i.USART_Cmd)
    USART_GetITStatus                        0x080013a3   Thumb Code    84  stm32f10x_usart.o(i.USART_GetITStatus)
    USART_ITConfig                           0x080013f7   Thumb Code    74  stm32f10x_usart.o(i.USART_ITConfig)
    USART_Init                               0x08001441   Thumb Code   210  stm32f10x_usart.o(i.USART_Init)
    USART_ReceiveData                        0x08001519   Thumb Code    10  stm32f10x_usart.o(i.USART_ReceiveData)
    UsageFault_Handler                       0x08001523   Thumb Code     4  stm32f10x_it.o(i.UsageFault_Handler)
    adc                                      0x080015e1   Thumb Code   496  adc.o(i.adc)
    kaiji                                    0x0800180d   Thumb Code    86  main.o(i.kaiji)
    keyread                                  0x08001881   Thumb Code    78  main.o(i.keyread)
    main                                     0x080018dd   Thumb Code   112  main.o(i.main)
    oled_pow                                 0x08001951   Thumb Code    22  oled.o(i.oled_pow)
    pccpu                                    0x08001969   Thumb Code    24  pclce.o(i.pccpu)
    pclcd                                    0x08001985   Thumb Code   132  pclce.o(i.pclcd)
    pctime                                   0x08001a65   Thumb Code    40  pctime.o(i.pctime)
    rewarn                                   0x08001a9d   Thumb Code    84  warn.o(i.rewarn)
    usb                                      0x08001b05   Thumb Code   308  usbkey.o(i.usb)
    usbKey_Init                              0x08001c85   Thumb Code    64  usbinit.o(i.usbKey_Init)
    usbcx                                    0x08001cc9   Thumb Code    52  main.o(i.usbcx)
    usbkeys                                  0x08001d05   Thumb Code    94  usbkey.o(i.usbkeys)
    usbs                                     0x08001d71   Thumb Code   236  usbkey.o(i.usbs)
    warn                                     0x08001e7d   Thumb Code    68  warn.o(i.warn)
    warncx                                   0x08001ec5   Thumb Code   106  main.o(i.warncx)
    warnkey                                  0x08001f41   Thumb Code    86  warn.o(i.warnkey)
    warnnum                                  0x08001f9d   Thumb Code     6  warn.o(i.warnnum)
    wendu                                    0x08001fa9   Thumb Code   164  wendu.o(i.wendu)
    wenduio                                  0x08002061   Thumb Code    48  main.o(i.wenduio)
    __aeabi_d2f                              0x08002095   Thumb Code     0  d2f.o(x$fpl$d2f)
    _d2f                                     0x08002095   Thumb Code    98  d2f.o(x$fpl$d2f)
    __aeabi_dadd                             0x080020f9   Thumb Code     0  daddsub_clz.o(x$fpl$dadd)
    _dadd                                    0x080020f9   Thumb Code   332  daddsub_clz.o(x$fpl$dadd)
    __aeabi_ddiv                             0x08002249   Thumb Code     0  ddiv.o(x$fpl$ddiv)
    _ddiv                                    0x08002249   Thumb Code   552  ddiv.o(x$fpl$ddiv)
    __aeabi_dmul                             0x080024f9   Thumb Code     0  dmul.o(x$fpl$dmul)
    _dmul                                    0x080024f9   Thumb Code   332  dmul.o(x$fpl$dmul)
    __fpl_dnaninf                            0x0800264d   Thumb Code   156  dnaninf.o(x$fpl$dnaninf)
    __fpl_dretinf                            0x080026e9   Thumb Code    12  dretinf.o(x$fpl$dretinf)
    __aeabi_dsub                             0x080026f5   Thumb Code     0  daddsub_clz.o(x$fpl$dsub)
    _dsub                                    0x080026f5   Thumb Code   464  daddsub_clz.o(x$fpl$dsub)
    __aeabi_f2d                              0x080028c9   Thumb Code     0  f2d.o(x$fpl$f2d)
    _f2d                                     0x080028c9   Thumb Code    86  f2d.o(x$fpl$f2d)
    __fpl_fcmp_Inf                           0x0800291f   Thumb Code    24  fcmpi.o(x$fpl$fcmpinf)
    __aeabi_fdiv                             0x08002939   Thumb Code     0  fdiv.o(x$fpl$fdiv)
    _fdiv                                    0x08002939   Thumb Code   384  fdiv.o(x$fpl$fdiv)
    __aeabi_f2iz                             0x08002abd   Thumb Code     0  ffix.o(x$fpl$ffix)
    _ffix                                    0x08002abd   Thumb Code    54  ffix.o(x$fpl$ffix)
    __aeabi_f2uiz                            0x08002af5   Thumb Code     0  ffixu.o(x$fpl$ffixu)
    _ffixu                                   0x08002af5   Thumb Code    62  ffixu.o(x$fpl$ffixu)
    __aeabi_i2f                              0x08002b35   Thumb Code     0  fflt_clz.o(x$fpl$fflt)
    _fflt                                    0x08002b35   Thumb Code    48  fflt_clz.o(x$fpl$fflt)
    __aeabi_cfcmple                          0x08002b65   Thumb Code     0  fleqf.o(x$fpl$fleqf)
    _fcmple                                  0x08002b65   Thumb Code   104  fleqf.o(x$fpl$fleqf)
    __fpl_fcmple_InfNaN                      0x08002bb7   Thumb Code     0  fleqf.o(x$fpl$fleqf)
    __aeabi_fmul                             0x08002bcd   Thumb Code     0  fmul.o(x$fpl$fmul)
    _fmul                                    0x08002bcd   Thumb Code   258  fmul.o(x$fpl$fmul)
    __fpl_fnaninf                            0x08002ccf   Thumb Code   140  fnaninf.o(x$fpl$fnaninf)
    __fpl_fretinf                            0x08002d5b   Thumb Code    10  fretinf.o(x$fpl$fretinf)
    F6x8                                     0x08002d64   Data         552  oledfont.o(.constdata)
    __I$use$fp                               0x08002d64   Number         0  usenofp.o(x$fpl$usenofp)
    F8X16                                    0x08002f8c   Data        1520  oledfont.o(.constdata)
    Region$$Table$$Base                      0x0800357c   Number         0  anon$$obj.o(Region$$Table)
    Region$$Table$$Limit                     0x0800359c   Number         0  anon$$obj.o(Region$$Table)
    cx                                       0x20000014   Data           4  main.o(.data)
    a                                        0x20000018   Data           4  main.o(.data)
    key                                      0x2000001c   Data           4  main.o(.data)
    k                                        0x20000020   Data           4  main.o(.data)
    BMP1                                     0x20000024   Data         288  bmp.o(.data)
    gImage_cl                                0x20000144   Data        1062  bmp.o(.data)
    Welcome                                  0x2000056a   Data         256  oledfont.o(.data)
    Introduced                               0x2000066a   Data         384  oledfont.o(.data)
    redwen                                   0x200007ea   Data         192  oledfont.o(.data)
    ADC                                      0x200008aa   Data         384  oledfont.o(.data)
    time                                     0x20000a2a   Data         128  oledfont.o(.data)
    cl                                       0x20000aaa   Data         480  oledfont.o(.data)
    RxFlag                                   0x20000c8a   Data           1  aida64.o(.data)
    adb                                      0x20000c90   Data           4  warn.o(.data)
    ad0                                      0x20000c94   Data           4  adc.o(.data)
    ad1                                      0x20000c98   Data           4  adc.o(.data)
    ad2                                      0x20000c9c   Data           4  adc.o(.data)
    AD0                                      0x20000ca0   Data           4  adc.o(.data)
    AD1                                      0x20000ca4   Data           4  adc.o(.data)
    AD2                                      0x20000ca8   Data           4  adc.o(.data)
    u1                                       0x20000cac   Data           4  usbkey.o(.data)
    u2                                       0x20000cb0   Data           4  usbkey.o(.data)
    u3                                       0x20000cb4   Data           4  usbkey.o(.data)
    u4                                       0x20000cb8   Data           4  usbkey.o(.data)
    u5                                       0x20000cbc   Data           4  usbkey.o(.data)
    u6                                       0x20000cc0   Data           4  usbkey.o(.data)
    ks                                       0x20000cc4   Data           4  usbkey.o(.data)
    ux                                       0x20000cc8   Data           4  usbkey.o(.data)
    uu                                       0x20000ccc   Data           4  usbkey.o(.data)
    rec_data                                 0x20000cd0   Data          16  dht11.o(.bss)
    Serial_RxPacket_CPU                      0x20000ce0   Data          20  aida64.o(.bss)
    Serial_RxPacket_Mem                      0x20000cf4   Data          20  aida64.o(.bss)
    Serial_RxPacket_CPUTemp                  0x20000d08   Data          20  aida64.o(.bss)
    Serial_RxPacket_GPUTemp                  0x20000d1c   Data          20  aida64.o(.bss)
    Serial_RxPacket_time                     0x20000d30   Data          20  aida64.o(.bss)
    Serial_RxPacket_week                     0x20000d44   Data          20  aida64.o(.bss)
    Serial_RxPacket_kai                      0x20000d58   Data          20  aida64.o(.bss)
    __libspace_start                         0x20000d6c   Data          96  libspace.o(.bss)
    __temporary_stack_top$libspace           0x20000dcc   Data           0  libspace.o(.bss)



==============================================================================

Memory Map of the image

  Image Entry point : 0x080000ed

  Load Region LR_IROM1 (Base: 0x08000000, Size: 0x0000426c, Max: 0x00010000, ABSOLUTE, COMPRESSED[0x00003a74])

    Execution Region ER_IROM1 (Exec base: 0x08000000, Load base: 0x08000000, Size: 0x0000359c, Max: 0x00010000, ABSOLUTE)

    Exec Addr    Load Addr    Size         Type   Attr      Idx    E Section Name        Object

    0x08000000   0x08000000   0x000000ec   Data   RO            3    RESET               startup_stm32f10x_md.o
    0x080000ec   0x080000ec   0x00000008   Code   RO         3904  * !!!main             c_w.l(__main.o)
    0x080000f4   0x080000f4   0x00000034   Code   RO         4112    !!!scatter          c_w.l(__scatter.o)
    0x08000128   0x08000128   0x0000005a   Code   RO         4110    !!dczerorl2         c_w.l(__dczerorl2.o)
    0x08000182   0x08000182   0x00000002   PAD
    0x08000184   0x08000184   0x0000001c   Code   RO         4114    !!handler_zi        c_w.l(__scatter_zi.o)
    0x080001a0   0x080001a0   0x00000002   Code   RO         3980    .ARM.Collect$$libinit$$00000000  c_w.l(libinit.o)
    0x080001a2   0x080001a2   0x00000000   Code   RO         3987    .ARM.Collect$$libinit$$00000002  c_w.l(libinit2.o)
    0x080001a2   0x080001a2   0x00000000   Code   RO         3989    .ARM.Collect$$libinit$$00000004  c_w.l(libinit2.o)
    0x080001a2   0x080001a2   0x00000000   Code   RO         3992    .ARM.Collect$$libinit$$0000000A  c_w.l(libinit2.o)
    0x080001a2   0x080001a2   0x00000000   Code   RO         3994    .ARM.Collect$$libinit$$0000000C  c_w.l(libinit2.o)
    0x080001a2   0x080001a2   0x00000000   Code   RO         3996    .ARM.Collect$$libinit$$0000000E  c_w.l(libinit2.o)
    0x080001a2   0x080001a2   0x00000000   Code   RO         3999    .ARM.Collect$$libinit$$00000011  c_w.l(libinit2.o)
    0x080001a2   0x080001a2   0x00000000   Code   RO         4001    .ARM.Collect$$libinit$$00000013  c_w.l(libinit2.o)
    0x080001a2   0x080001a2   0x00000000   Code   RO         4003    .ARM.Collect$$libinit$$00000015  c_w.l(libinit2.o)
    0x080001a2   0x080001a2   0x00000000   Code   RO         4005    .ARM.Collect$$libinit$$00000017  c_w.l(libinit2.o)
    0x080001a2   0x080001a2   0x00000000   Code   RO         4007    .ARM.Collect$$libinit$$00000019  c_w.l(libinit2.o)
    0x080001a2   0x080001a2   0x00000000   Code   RO         4009    .ARM.Collect$$libinit$$0000001B  c_w.l(libinit2.o)
    0x080001a2   0x080001a2   0x00000000   Code   RO         4011    .ARM.Collect$$libinit$$0000001D  c_w.l(libinit2.o)
    0x080001a2   0x080001a2   0x00000000   Code   RO         4013    .ARM.Collect$$libinit$$0000001F  c_w.l(libinit2.o)
    0x080001a2   0x080001a2   0x00000000   Code   RO         4015    .ARM.Collect$$libinit$$00000021  c_w.l(libinit2.o)
    0x080001a2   0x080001a2   0x00000000   Code   RO         4017    .ARM.Collect$$libinit$$00000023  c_w.l(libinit2.o)
    0x080001a2   0x080001a2   0x00000000   Code   RO         4019    .ARM.Collect$$libinit$$00000025  c_w.l(libinit2.o)
    0x080001a2   0x080001a2   0x00000000   Code   RO         4023    .ARM.Collect$$libinit$$0000002C  c_w.l(libinit2.o)
    0x080001a2   0x080001a2   0x00000000   Code   RO         4025    .ARM.Collect$$libinit$$0000002E  c_w.l(libinit2.o)
    0x080001a2   0x080001a2   0x00000000   Code   RO         4027    .ARM.Collect$$libinit$$00000030  c_w.l(libinit2.o)
    0x080001a2   0x080001a2   0x00000000   Code   RO         4029    .ARM.Collect$$libinit$$00000032  c_w.l(libinit2.o)
    0x080001a2   0x080001a2   0x00000002   Code   RO         4030    .ARM.Collect$$libinit$$00000033  c_w.l(libinit2.o)
    0x080001a4   0x080001a4   0x00000002   Code   RO         4050    .ARM.Collect$$libshutdown$$00000000  c_w.l(libshutdown.o)
    0x080001a6   0x080001a6   0x00000000   Code   RO         4063    .ARM.Collect$$libshutdown$$00000002  c_w.l(libshutdown2.o)
    0x080001a6   0x080001a6   0x00000000   Code   RO         4065    .ARM.Collect$$libshutdown$$00000004  c_w.l(libshutdown2.o)
    0x080001a6   0x080001a6   0x00000000   Code   RO         4068    .ARM.Collect$$libshutdown$$00000007  c_w.l(libshutdown2.o)
    0x080001a6   0x080001a6   0x00000000   Code   RO         4071    .ARM.Collect$$libshutdown$$0000000A  c_w.l(libshutdown2.o)
    0x080001a6   0x080001a6   0x00000000   Code   RO         4073    .ARM.Collect$$libshutdown$$0000000C  c_w.l(libshutdown2.o)
    0x080001a6   0x080001a6   0x00000000   Code   RO         4076    .ARM.Collect$$libshutdown$$0000000F  c_w.l(libshutdown2.o)
    0x080001a6   0x080001a6   0x00000002   Code   RO         4077    .ARM.Collect$$libshutdown$$00000010  c_w.l(libshutdown2.o)
    0x080001a8   0x080001a8   0x00000000   Code   RO         3944    .ARM.Collect$$rtentry$$00000000  c_w.l(__rtentry.o)
    0x080001a8   0x080001a8   0x00000000   Code   RO         3957    .ARM.Collect$$rtentry$$00000002  c_w.l(__rtentry2.o)
    0x080001a8   0x080001a8   0x00000006   Code   RO         3969    .ARM.Collect$$rtentry$$00000004  c_w.l(__rtentry4.o)
    0x080001ae   0x080001ae   0x00000000   Code   RO         3959    .ARM.Collect$$rtentry$$00000009  c_w.l(__rtentry2.o)
    0x080001ae   0x080001ae   0x00000004   Code   RO         3960    .ARM.Collect$$rtentry$$0000000A  c_w.l(__rtentry2.o)
    0x080001b2   0x080001b2   0x00000000   Code   RO         3962    .ARM.Collect$$rtentry$$0000000C  c_w.l(__rtentry2.o)
    0x080001b2   0x080001b2   0x00000008   Code   RO         3963    .ARM.Collect$$rtentry$$0000000D  c_w.l(__rtentry2.o)
    0x080001ba   0x080001ba   0x00000002   Code   RO         3984    .ARM.Collect$$rtexit$$00000000  c_w.l(rtexit.o)
    0x080001bc   0x080001bc   0x00000000   Code   RO         4032    .ARM.Collect$$rtexit$$00000002  c_w.l(rtexit2.o)
    0x080001bc   0x080001bc   0x00000004   Code   RO         4033    .ARM.Collect$$rtexit$$00000003  c_w.l(rtexit2.o)
    0x080001c0   0x080001c0   0x00000006   Code   RO         4034    .ARM.Collect$$rtexit$$00000004  c_w.l(rtexit2.o)
    0x080001c6   0x080001c6   0x00000002   PAD
    0x080001c8   0x080001c8   0x00000040   Code   RO            4    .text               startup_stm32f10x_md.o
    0x08000208   0x08000208   0x00000006   Code   RO         3902    .text               c_w.l(heapauxi.o)
    0x0800020e   0x0800020e   0x0000004a   Code   RO         3971    .text               c_w.l(sys_stackheap_outer.o)
    0x08000258   0x08000258   0x00000012   Code   RO         3973    .text               c_w.l(exit.o)
    0x0800026a   0x0800026a   0x00000002   PAD
    0x0800026c   0x0800026c   0x00000008   Code   RO         3981    .text               c_w.l(libspace.o)
    0x08000274   0x08000274   0x0000000c   Code   RO         4042    .text               c_w.l(sys_exit.o)
    0x08000280   0x08000280   0x00000002   Code   RO         4053    .text               c_w.l(use_no_semi.o)
    0x08000282   0x08000282   0x00000000   Code   RO         4055    .text               c_w.l(indicate_semi.o)
    0x08000282   0x08000282   0x00000016   Code   RO          202    i.ADC_Cmd           stm32f10x_adc.o
    0x08000298   0x08000298   0x00000014   Code   RO          210    i.ADC_GetCalibrationStatus  stm32f10x_adc.o
    0x080002ac   0x080002ac   0x00000008   Code   RO          211    i.ADC_GetConversionValue  stm32f10x_adc.o
    0x080002b4   0x080002b4   0x00000012   Code   RO          213    i.ADC_GetFlagStatus  stm32f10x_adc.o
    0x080002c6   0x080002c6   0x00000014   Code   RO          216    i.ADC_GetResetCalibrationStatus  stm32f10x_adc.o
    0x080002da   0x080002da   0x00000002   PAD
    0x080002dc   0x080002dc   0x00000050   Code   RO          220    i.ADC_Init          stm32f10x_adc.o
    0x0800032c   0x0800032c   0x000000b8   Code   RO          224    i.ADC_RegularChannelConfig  stm32f10x_adc.o
    0x080003e4   0x080003e4   0x0000000a   Code   RO          225    i.ADC_ResetCalibration  stm32f10x_adc.o
    0x080003ee   0x080003ee   0x00000016   Code   RO          227    i.ADC_SoftwareStartConvCmd  stm32f10x_adc.o
    0x08000404   0x08000404   0x0000000a   Code   RO          229    i.ADC_StartCalibration  stm32f10x_adc.o
    0x0800040e   0x0800040e   0x00000002   PAD
    0x08000410   0x08000410   0x00000034   Code   RO         3712    i.AD_GetValue       ad.o
    0x08000444   0x08000444   0x00000094   Code   RO         3713    i.AD_Init           ad.o
    0x080004d8   0x080004d8   0x00000004   Code   RO         3374    i.BusFault_Handler  stm32f10x_it.o
    0x080004dc   0x080004dc   0x0000002c   Code   RO         3648    i.DH11_GPIO_Init_IN  dht11.o
    0x08000508   0x08000508   0x0000002c   Code   RO         3649    i.DH11_GPIO_Init_OUT  dht11.o
    0x08000534   0x08000534   0x000000b0   Code   RO         3650    i.DHT11_REC_Data    dht11.o
    0x080005e4   0x080005e4   0x00000054   Code   RO         3651    i.DHT11_Rec_Byte    dht11.o
    0x08000638   0x08000638   0x00000040   Code   RO         3652    i.DHT11_Start       dht11.o
    0x08000678   0x08000678   0x00000002   Code   RO         3375    i.DebugMon_Handler  stm32f10x_it.o
    0x0800067a   0x0800067a   0x00000018   Code   RO         3606    i.Delay_ms          delay.o
    0x08000692   0x08000692   0x0000002e   Code   RO         3608    i.Delay_us          delay.o
    0x080006c0   0x080006c0   0x00000116   Code   RO         1347    i.GPIO_Init         stm32f10x_gpio.o
    0x080007d6   0x080007d6   0x00000012   Code   RO         1351    i.GPIO_ReadInputDataBit  stm32f10x_gpio.o
    0x080007e8   0x080007e8   0x00000004   Code   RO         1354    i.GPIO_ResetBits    stm32f10x_gpio.o
    0x080007ec   0x080007ec   0x00000004   Code   RO         1355    i.GPIO_SetBits      stm32f10x_gpio.o
    0x080007f0   0x080007f0   0x0000000a   Code   RO         1358    i.GPIO_WriteBit     stm32f10x_gpio.o
    0x080007fa   0x080007fa   0x00000004   Code   RO         3376    i.HardFault_Handler  stm32f10x_it.o
    0x080007fe   0x080007fe   0x00000002   PAD
    0x08000800   0x08000800   0x0000005c   Code   RO         3463    i.IIC_Wait_Ack      oled.o
    0x0800085c   0x0800085c   0x000000ac   Code   RO         3630    i.Key_GetNum        key.o
    0x08000908   0x08000908   0x0000002c   Code   RO         3631    i.Key_Init          key.o
    0x08000934   0x08000934   0x00000004   Code   RO         3377    i.MemManage_Handler  stm32f10x_it.o
    0x08000938   0x08000938   0x00000002   Code   RO         3378    i.NMI_Handler       stm32f10x_it.o
    0x0800093a   0x0800093a   0x00000002   PAD
    0x0800093c   0x0800093c   0x00000070   Code   RO          137    i.NVIC_Init         misc.o
    0x080009ac   0x080009ac   0x00000014   Code   RO          138    i.NVIC_PriorityGroupConfig  misc.o
    0x080009c0   0x080009c0   0x00000040   Code   RO         3464    i.OLED_Clear        oled.o
    0x08000a00   0x08000a00   0x00000076   Code   RO         3467    i.OLED_DrawBMP      oled.o
    0x08000a76   0x08000a76   0x00000002   PAD
    0x08000a78   0x08000a78   0x00000040   Code   RO         3469    i.OLED_GPIO_Init    oled.o
    0x08000ab8   0x08000ab8   0x00000044   Code   RO         3470    i.OLED_IIC_Start    oled.o
    0x08000afc   0x08000afc   0x00000038   Code   RO         3471    i.OLED_IIC_Stop     oled.o
    0x08000b34   0x08000b34   0x000000e4   Code   RO         3472    i.OLED_Init         oled.o
    0x08000c18   0x08000c18   0x0000002a   Code   RO         3474    i.OLED_Set_Pos      oled.o
    0x08000c42   0x08000c42   0x00000072   Code   RO         3475    i.OLED_ShowCHinese  oled.o
    0x08000cb4   0x08000cb4   0x00000070   Code   RO         3476    i.OLED_ShowChar     oled.o
    0x08000d24   0x08000d24   0x00000084   Code   RO         3477    i.OLED_ShowNum      oled.o
    0x08000da8   0x08000da8   0x00000036   Code   RO         3478    i.OLED_ShowString   oled.o
    0x08000dde   0x08000dde   0x00000018   Code   RO         3479    i.OLED_WR_Byte      oled.o
    0x08000df6   0x08000df6   0x00000002   Code   RO         3379    i.PendSV_Handler    stm32f10x_it.o
    0x08000df8   0x08000df8   0x00000018   Code   RO         1773    i.RCC_ADCCLKConfig  stm32f10x_rcc.o
    0x08000e10   0x08000e10   0x00000020   Code   RO         1777    i.RCC_APB2PeriphClockCmd  stm32f10x_rcc.o
    0x08000e30   0x08000e30   0x000000d4   Code   RO         1785    i.RCC_GetClocksFreq  stm32f10x_rcc.o
    0x08000f04   0x08000f04   0x00000002   Code   RO         3380    i.SVC_Handler       stm32f10x_it.o
    0x08000f06   0x08000f06   0x00000002   PAD
    0x08000f08   0x08000f08   0x000000b8   Code   RO         3690    i.Serial_Init       aida64.o
    0x08000fc0   0x08000fc0   0x00000008   Code   RO           24    i.SetSysClock       system_stm32f10x.o
    0x08000fc8   0x08000fc8   0x000000e0   Code   RO           25    i.SetSysClockTo72   system_stm32f10x.o
    0x080010a8   0x080010a8   0x00000002   Code   RO         3381    i.SysTick_Handler   stm32f10x_it.o
    0x080010aa   0x080010aa   0x00000002   PAD
    0x080010ac   0x080010ac   0x00000060   Code   RO           27    i.SystemInit        system_stm32f10x.o
    0x0800110c   0x0800110c   0x00000260   Code   RO         3691    i.USART1_IRQHandler  aida64.o
    0x0800136c   0x0800136c   0x0000001e   Code   RO         2957    i.USART_ClearITPendingBit  stm32f10x_usart.o
    0x0800138a   0x0800138a   0x00000018   Code   RO         2960    i.USART_Cmd         stm32f10x_usart.o
    0x080013a2   0x080013a2   0x00000054   Code   RO         2964    i.USART_GetITStatus  stm32f10x_usart.o
    0x080013f6   0x080013f6   0x0000004a   Code   RO         2966    i.USART_ITConfig    stm32f10x_usart.o
    0x08001440   0x08001440   0x000000d8   Code   RO         2967    i.USART_Init        stm32f10x_usart.o
    0x08001518   0x08001518   0x0000000a   Code   RO         2974    i.USART_ReceiveData  stm32f10x_usart.o
    0x08001522   0x08001522   0x00000004   Code   RO         3382    i.UsageFault_Handler  stm32f10x_it.o
    0x08001526   0x08001526   0x00000002   PAD
    0x08001528   0x08001528   0x00000078   Code   RO         3480    i.Write_IIC_Byte    oled.o
    0x080015a0   0x080015a0   0x00000020   Code   RO         3481    i.Write_IIC_Command  oled.o
    0x080015c0   0x080015c0   0x00000020   Code   RO         3482    i.Write_IIC_Data    oled.o
    0x080015e0   0x080015e0   0x0000022c   Code   RO         3852    i.adc               adc.o
    0x0800180c   0x0800180c   0x00000074   Code   RO         3196    i.kaiji             main.o
    0x08001880   0x08001880   0x0000005c   Code   RO         3197    i.keyread           main.o
    0x080018dc   0x080018dc   0x00000074   Code   RO         3198    i.main              main.o
    0x08001950   0x08001950   0x00000016   Code   RO         3483    i.oled_pow          oled.o
    0x08001966   0x08001966   0x00000002   PAD
    0x08001968   0x08001968   0x0000001c   Code   RO         3775    i.pccpu             pclce.o
    0x08001984   0x08001984   0x000000e0   Code   RO         3776    i.pclcd             pclce.o
    0x08001a64   0x08001a64   0x00000038   Code   RO         3836    i.pctime            pctime.o
    0x08001a9c   0x08001a9c   0x00000068   Code   RO         3797    i.rewarn            warn.o
    0x08001b04   0x08001b04   0x00000180   Code   RO         3870    i.usb               usbkey.o
    0x08001c84   0x08001c84   0x00000044   Code   RO         3730    i.usbKey_Init       usbinit.o
    0x08001cc8   0x08001cc8   0x0000003c   Code   RO         3199    i.usbcx             main.o
    0x08001d04   0x08001d04   0x0000006c   Code   RO         3871    i.usbkeys           usbkey.o
    0x08001d70   0x08001d70   0x0000010c   Code   RO         3872    i.usbs              usbkey.o
    0x08001e7c   0x08001e7c   0x00000048   Code   RO         3798    i.warn              warn.o
    0x08001ec4   0x08001ec4   0x0000007c   Code   RO         3200    i.warncx            main.o
    0x08001f40   0x08001f40   0x0000005c   Code   RO         3799    i.warnkey           warn.o
    0x08001f9c   0x08001f9c   0x0000000c   Code   RO         3800    i.warnnum           warn.o
    0x08001fa8   0x08001fa8   0x000000b8   Code   RO         3742    i.wendu             wendu.o
    0x08002060   0x08002060   0x00000034   Code   RO         3201    i.wenduio           main.o
    0x08002094   0x08002094   0x00000062   Code   RO         3906    x$fpl$d2f           fz_ws.l(d2f.o)
    0x080020f6   0x080020f6   0x00000002   PAD
    0x080020f8   0x080020f8   0x00000150   Code   RO         3908    x$fpl$dadd          fz_ws.l(daddsub_clz.o)
    0x08002248   0x08002248   0x000002b0   Code   RO         3915    x$fpl$ddiv          fz_ws.l(ddiv.o)
    0x080024f8   0x080024f8   0x00000154   Code   RO         3918    x$fpl$dmul          fz_ws.l(dmul.o)
    0x0800264c   0x0800264c   0x0000009c   Code   RO         3945    x$fpl$dnaninf       fz_ws.l(dnaninf.o)
    0x080026e8   0x080026e8   0x0000000c   Code   RO         3947    x$fpl$dretinf       fz_ws.l(dretinf.o)
    0x080026f4   0x080026f4   0x000001d4   Code   RO         3910    x$fpl$dsub          fz_ws.l(daddsub_clz.o)
    0x080028c8   0x080028c8   0x00000056   Code   RO         3920    x$fpl$f2d           fz_ws.l(f2d.o)
    0x0800291e   0x0800291e   0x00000018   Code   RO         3949    x$fpl$fcmpinf       fz_ws.l(fcmpi.o)
    0x08002936   0x08002936   0x00000002   PAD
    0x08002938   0x08002938   0x00000184   Code   RO         3923    x$fpl$fdiv          fz_ws.l(fdiv.o)
    0x08002abc   0x08002abc   0x00000036   Code   RO         3926    x$fpl$ffix          fz_ws.l(ffix.o)
    0x08002af2   0x08002af2   0x00000002   PAD
    0x08002af4   0x08002af4   0x0000003e   Code   RO         3930    x$fpl$ffixu         fz_ws.l(ffixu.o)
    0x08002b32   0x08002b32   0x00000002   PAD
    0x08002b34   0x08002b34   0x00000030   Code   RO         3935    x$fpl$fflt          fz_ws.l(fflt_clz.o)
    0x08002b64   0x08002b64   0x00000068   Code   RO         3940    x$fpl$fleqf         fz_ws.l(fleqf.o)
    0x08002bcc   0x08002bcc   0x00000102   Code   RO         3942    x$fpl$fmul          fz_ws.l(fmul.o)
    0x08002cce   0x08002cce   0x0000008c   Code   RO         3951    x$fpl$fnaninf       fz_ws.l(fnaninf.o)
    0x08002d5a   0x08002d5a   0x0000000a   Code   RO         3953    x$fpl$fretinf       fz_ws.l(fretinf.o)
    0x08002d64   0x08002d64   0x00000000   Code   RO         3955    x$fpl$usenofp       fz_ws.l(usenofp.o)
    0x08002d64   0x08002d64   0x00000818   Data   RO         3592    .constdata          oledfont.o
    0x0800357c   0x0800357c   0x00000020   Data   RO         4108    Region$$Table       anon$$obj.o


    Execution Region RW_IRAM1 (Exec base: 0x20000000, Load base: 0x0800359c, Size: 0x000013d0, Max: 0x00005000, ABSOLUTE, COMPRESSED[0x000004d8])

    Exec Addr    Load Addr    Size         Type   Attr      Idx    E Section Name        Object

    0x20000000   COMPRESSED   0x00000014   Data   RW         1805    .data               stm32f10x_rcc.o
    0x20000014   COMPRESSED   0x00000010   Data   RW         3202    .data               main.o
    0x20000024   COMPRESSED   0x00000546   Data   RW         3437    .data               bmp.o
    0x2000056a   COMPRESSED   0x00000720   Data   RW         3593    .data               oledfont.o
    0x20000c8a   COMPRESSED   0x00000003   Data   RW         3693    .data               aida64.o
    0x20000c8d   COMPRESSED   0x00000003   PAD
    0x20000c90   COMPRESSED   0x00000004   Data   RW         3801    .data               warn.o
    0x20000c94   COMPRESSED   0x00000018   Data   RW         3853    .data               adc.o
    0x20000cac   COMPRESSED   0x00000024   Data   RW         3873    .data               usbkey.o
    0x20000cd0        -       0x00000010   Zero   RW         3653    .bss                dht11.o
    0x20000ce0        -       0x0000008c   Zero   RW         3692    .bss                aida64.o
    0x20000d6c        -       0x00000060   Zero   RW         3982    .bss                c_w.l(libspace.o)
    0x20000dcc   COMPRESSED   0x00000004   PAD
    0x20000dd0        -       0x00000200   Zero   RW            2    HEAP                startup_stm32f10x_md.o
    0x20000fd0        -       0x00000400   Zero   RW            1    STACK               startup_stm32f10x_md.o


==============================================================================

Image component sizes


      Code (inc. data)   RO Data    RW Data    ZI Data      Debug   Object Name

       200         16          0          0          0       1056   ad.o
       556         60          0         24          0        788   adc.o
       792         72          0          3        140       2513   aida64.o
         0          0          0       1350          0        481   bmp.o
         0          0          0          0          0       4508   core_cm3.o
        70          0          0          0          0        882   delay.o
       412         28          0          0         16       3300   dht11.o
       216          8          0          0          0        964   key.o
       560         86          0         16          0      11161   main.o
       132         22          0          0          0     213643   misc.o
      1374         30          0          0          0       9165   oled.o
         0          0       2072       1824          0        787   oledfont.o
       252         96          0          0          0        916   pclce.o
        56         16          0          0          0        405   pctime.o
        64         26        236          0       1536        804   startup_stm32f10x_md.o
       394         10          0          0          0      18021   stm32f10x_adc.o
       314          0          0          0          0      12188   stm32f10x_gpio.o
        26          0          0          0          0       3550   stm32f10x_it.o
       268         32          0         20          0      12824   stm32f10x_rcc.o
       438          6          0          0          0      11208   stm32f10x_usart.o
       328         28          0          0          0      24745   system_stm32f10x.o
        68          4          0          0          0        470   usbinit.o
       760        130          0         36          0       1876   usbkey.o
       280         36          0          4          0       1830   warn.o
       184         20          0          0          0        428   wendu.o

    ----------------------------------------------------------------------
      7762        726       2340       3280       1692     338513   Object Totals
         0          0         32          0          0          0   (incl. Generated)
        18          0          0          3          0          0   (incl. Padding)

    ----------------------------------------------------------------------

      Code (inc. data)   RO Data    RW Data    ZI Data      Debug   Library Member Name

        90          0          0          0          0          0   __dczerorl2.o
         8          0          0          0          0         68   __main.o
         0          0          0          0          0          0   __rtentry.o
        12          0          0          0          0          0   __rtentry2.o
         6          0          0          0          0          0   __rtentry4.o
        52          8          0          0          0          0   __scatter.o
        28          0          0          0          0          0   __scatter_zi.o
        18          0          0          0          0         80   exit.o
         6          0          0          0          0        152   heapauxi.o
         0          0          0          0          0          0   indicate_semi.o
         2          0          0          0          0          0   libinit.o
         2          0          0          0          0          0   libinit2.o
         2          0          0          0          0          0   libshutdown.o
         2          0          0          0          0          0   libshutdown2.o
         8          4          0          0         96         68   libspace.o
         2          0          0          0          0          0   rtexit.o
        10          0          0          0          0          0   rtexit2.o
        12          4          0          0          0         68   sys_exit.o
        74          0          0          0          0         80   sys_stackheap_outer.o
         2          0          0          0          0         68   use_no_semi.o
        98          4          0          0          0         92   d2f.o
       804         16          0          0          0        272   daddsub_clz.o
       688        140          0          0          0        208   ddiv.o
       340         12          0          0          0        104   dmul.o
       156          4          0          0          0         92   dnaninf.o
        12          0          0          0          0         68   dretinf.o
        86          4          0          0          0         84   f2d.o
        24          0          0          0          0         68   fcmpi.o
       388         76          0          0          0         96   fdiv.o
        54          4          0          0          0         84   ffix.o
        62          4          0          0          0         84   ffixu.o
        48          0          0          0          0         68   fflt_clz.o
       104          4          0          0          0         84   fleqf.o
       258          4          0          0          0         84   fmul.o
       140          4          0          0          0         84   fnaninf.o
        10          0          0          0          0         68   fretinf.o
         0          0          0          0          0          0   usenofp.o

    ----------------------------------------------------------------------
      3622        292          0          0        100       2224   Library Totals
        14          0          0          0          4          0   (incl. Padding)

    ----------------------------------------------------------------------

      Code (inc. data)   RO Data    RW Data    ZI Data      Debug   Library Name

       336         16          0          0         96        584   c_w.l
      3272        276          0          0          0       1640   fz_ws.l

    ----------------------------------------------------------------------
      3622        292          0          0        100       2224   Library Totals

    ----------------------------------------------------------------------

==============================================================================


      Code (inc. data)   RO Data    RW Data    ZI Data      Debug   

     11384       1018       2340       3280       1792     335429   Grand Totals
     11384       1018       2340       1240       1792     335429   ELF Image Totals (compressed)
     11384       1018       2340       1240          0          0   ROM Totals

==============================================================================

    Total RO  Size (Code + RO Data)                13724 (  13.40kB)
    Total RW  Size (RW Data + ZI Data)              5072 (   4.95kB)
    Total ROM Size (Code + RO Data + RW Data)      14964 (  14.61kB)

==============================================================================

